Archive member included to satisfy reference by file (symbol)

D:/Micro procesor/STM32CubeIDE_1.18.0/STM32CubeIDE/plugins/com.st.stm32cube.ide.mcu.externaltools.gnu-tools-for-stm32.13.3.rel1.win32_1.0.0.202411081344/tools/bin/../lib/gcc/arm-none-eabi/13.3.1/../../../../arm-none-eabi/lib/thumb/v7e-m+dp/hard\libc_nano.a(libc_a-exit.o)
                              D:/Micro procesor/STM32CubeIDE_1.18.0/STM32CubeIDE/plugins/com.st.stm32cube.ide.mcu.externaltools.gnu-tools-for-stm32.13.3.rel1.win32_1.0.0.202411081344/tools/bin/../lib/gcc/arm-none-eabi/13.3.1/../../../../arm-none-eabi/lib/thumb/v7e-m+dp/hard/crt0.o (exit)
D:/Micro procesor/STM32CubeIDE_1.18.0/STM32CubeIDE/plugins/com.st.stm32cube.ide.mcu.externaltools.gnu-tools-for-stm32.13.3.rel1.win32_1.0.0.202411081344/tools/bin/../lib/gcc/arm-none-eabi/13.3.1/../../../../arm-none-eabi/lib/thumb/v7e-m+dp/hard\libc_nano.a(libc_a-findfp.o)
                              D:/Micro procesor/STM32CubeIDE_1.18.0/STM32CubeIDE/plugins/com.st.stm32cube.ide.mcu.externaltools.gnu-tools-for-stm32.13.3.rel1.win32_1.0.0.202411081344/tools/bin/../lib/gcc/arm-none-eabi/13.3.1/../../../../arm-none-eabi/lib/thumb/v7e-m+dp/hard\libc_nano.a(libc_a-exit.o) (__stdio_exit_handler)
D:/Micro procesor/STM32CubeIDE_1.18.0/STM32CubeIDE/plugins/com.st.stm32cube.ide.mcu.externaltools.gnu-tools-for-stm32.13.3.rel1.win32_1.0.0.202411081344/tools/bin/../lib/gcc/arm-none-eabi/13.3.1/../../../../arm-none-eabi/lib/thumb/v7e-m+dp/hard\libc_nano.a(libc_a-fwalk.o)
                              D:/Micro procesor/STM32CubeIDE_1.18.0/STM32CubeIDE/plugins/com.st.stm32cube.ide.mcu.externaltools.gnu-tools-for-stm32.13.3.rel1.win32_1.0.0.202411081344/tools/bin/../lib/gcc/arm-none-eabi/13.3.1/../../../../arm-none-eabi/lib/thumb/v7e-m+dp/hard\libc_nano.a(libc_a-findfp.o) (_fwalk_sglue)
D:/Micro procesor/STM32CubeIDE_1.18.0/STM32CubeIDE/plugins/com.st.stm32cube.ide.mcu.externaltools.gnu-tools-for-stm32.13.3.rel1.win32_1.0.0.202411081344/tools/bin/../lib/gcc/arm-none-eabi/13.3.1/../../../../arm-none-eabi/lib/thumb/v7e-m+dp/hard\libc_nano.a(libc_a-stdio.o)
                              D:/Micro procesor/STM32CubeIDE_1.18.0/STM32CubeIDE/plugins/com.st.stm32cube.ide.mcu.externaltools.gnu-tools-for-stm32.13.3.rel1.win32_1.0.0.202411081344/tools/bin/../lib/gcc/arm-none-eabi/13.3.1/../../../../arm-none-eabi/lib/thumb/v7e-m+dp/hard\libc_nano.a(libc_a-findfp.o) (__sread)
D:/Micro procesor/STM32CubeIDE_1.18.0/STM32CubeIDE/plugins/com.st.stm32cube.ide.mcu.externaltools.gnu-tools-for-stm32.13.3.rel1.win32_1.0.0.202411081344/tools/bin/../lib/gcc/arm-none-eabi/13.3.1/../../../../arm-none-eabi/lib/thumb/v7e-m+dp/hard\libc_nano.a(libc_a-memset.o)
                              D:/Micro procesor/STM32CubeIDE_1.18.0/STM32CubeIDE/plugins/com.st.stm32cube.ide.mcu.externaltools.gnu-tools-for-stm32.13.3.rel1.win32_1.0.0.202411081344/tools/bin/../lib/gcc/arm-none-eabi/13.3.1/../../../../arm-none-eabi/lib/thumb/v7e-m+dp/hard/crt0.o (memset)
D:/Micro procesor/STM32CubeIDE_1.18.0/STM32CubeIDE/plugins/com.st.stm32cube.ide.mcu.externaltools.gnu-tools-for-stm32.13.3.rel1.win32_1.0.0.202411081344/tools/bin/../lib/gcc/arm-none-eabi/13.3.1/../../../../arm-none-eabi/lib/thumb/v7e-m+dp/hard\libc_nano.a(libc_a-closer.o)
                              D:/Micro procesor/STM32CubeIDE_1.18.0/STM32CubeIDE/plugins/com.st.stm32cube.ide.mcu.externaltools.gnu-tools-for-stm32.13.3.rel1.win32_1.0.0.202411081344/tools/bin/../lib/gcc/arm-none-eabi/13.3.1/../../../../arm-none-eabi/lib/thumb/v7e-m+dp/hard\libc_nano.a(libc_a-stdio.o) (_close_r)
D:/Micro procesor/STM32CubeIDE_1.18.0/STM32CubeIDE/plugins/com.st.stm32cube.ide.mcu.externaltools.gnu-tools-for-stm32.13.3.rel1.win32_1.0.0.202411081344/tools/bin/../lib/gcc/arm-none-eabi/13.3.1/../../../../arm-none-eabi/lib/thumb/v7e-m+dp/hard\libc_nano.a(libc_a-reent.o)
                              D:/Micro procesor/STM32CubeIDE_1.18.0/STM32CubeIDE/plugins/com.st.stm32cube.ide.mcu.externaltools.gnu-tools-for-stm32.13.3.rel1.win32_1.0.0.202411081344/tools/bin/../lib/gcc/arm-none-eabi/13.3.1/../../../../arm-none-eabi/lib/thumb/v7e-m+dp/hard\libc_nano.a(libc_a-closer.o) (errno)
D:/Micro procesor/STM32CubeIDE_1.18.0/STM32CubeIDE/plugins/com.st.stm32cube.ide.mcu.externaltools.gnu-tools-for-stm32.13.3.rel1.win32_1.0.0.202411081344/tools/bin/../lib/gcc/arm-none-eabi/13.3.1/../../../../arm-none-eabi/lib/thumb/v7e-m+dp/hard\libc_nano.a(libc_a-impure.o)
                              D:/Micro procesor/STM32CubeIDE_1.18.0/STM32CubeIDE/plugins/com.st.stm32cube.ide.mcu.externaltools.gnu-tools-for-stm32.13.3.rel1.win32_1.0.0.202411081344/tools/bin/../lib/gcc/arm-none-eabi/13.3.1/../../../../arm-none-eabi/lib/thumb/v7e-m+dp/hard\libc_nano.a(libc_a-reent.o) (_impure_ptr)
[...]
Memory Configuration

Name             Origin             Length             Attributes
ITCMRAM          0x00000000         0x00010000         xrw
DTCMRAM          0x20000000         0x00020000         xrw
FLASH            0x08000000         0x00100000         xr
RAM_D1           0x24000000         0x00050000         xrw
RAM_D2           0x30000000         0x00008000         xrw
RAM_D3           0x38000000         0x00004000         xrw
*default*        0x00000000         0xffffffff

Linker script and memory map

LOAD D:/Micro procesor/STM32CubeIDE_1.18.0/STM32CubeIDE/plugins/com.st.stm32cube.ide.mcu.externaltools.gnu-tools-for-stm32.13.3.rel1.win32_1.0.0.202411081344/tools/bin/../lib/gcc/arm-none-eabi/13.3.1/thumb/v7e-m+dp/hard/crti.o
LOAD D:/Micro procesor/STM32CubeIDE_1.18.0/STM32CubeIDE/plugins/com.st.stm32cube.ide.mcu.externaltools.gnu-tools-for-stm32.13.3.rel1.win32_1.0.0.202411081344/tools/bin/../lib/gcc/arm-none-eabi/13.3.1/thumb/v7e-m+dp/hard/crtbegin.o
LOAD D:/Micro procesor/STM32CubeIDE_1.18.0/STM32CubeIDE/plugins/com.st.stm32cube.ide.mcu.externaltools.gnu-tools-for-stm32.13.3.rel1.win32_1.0.0.202411081344/tools/bin/../lib/gcc/arm-none-eabi/13.3.1/../../../../arm-none-eabi/lib/thumb/v7e-m+dp/hard/crt0.o
LOAD ./Core/Src/BMP180.o
LOAD ./Core/Src/ESC.o
LOAD ./Core/Src/HC-SR04.o
LOAD ./Core/Src/HMC5883L.o
LOAD ./Core/Src/Kalibracjia silnikow.o
LOAD ./Core/Src/MPU6050.o
LOAD ./Core/Src/MadgwickAHRS.o
LOAD ./Core/Src/NRF24.o
LOAD ./Core/Src/USART komendy.o
LOAD ./Core/Src/adc.o
LOAD ./Core/Src/dma.o
LOAD ./Core/Src/dron.o
LOAD ./Core/Src/gpio.o
LOAD ./Core/Src/i2c.o
LOAD ./Core/Src/main.o
LOAD ./Core/Src/memorymap.o
LOAD ./Core/Src/spi.o
LOAD ./Core/Src/stm32h7xx_hal_msp.o
LOAD ./Core/Src/stm32h7xx_it.o
LOAD ./Core/Src/syscalls.o
LOAD ./Core/Src/sysmem.o
LOAD ./Core/Src/system_stm32h7xx.o
LOAD ./Core/Src/tim.o
LOAD ./Core/Src/usart.o
LOAD ./Core/Startup/startup_stm32h723zgtx.o
LOAD ./Drivers/STM32H7xx_HAL_Driver/Src/stm32h7xx_hal.o
LOAD ./Drivers/STM32H7xx_HAL_Driver/Src/stm32h7xx_hal_adc.o
LOAD ./Drivers/STM32H7xx_HAL_Driver/Src/stm32h7xx_hal_adc_ex.o
LOAD ./Drivers/STM32H7xx_HAL_Driver/Src/stm32h7xx_hal_cortex.o
LOAD ./Drivers/STM32H7xx_HAL_Driver/Src/stm32h7xx_hal_dma.o
LOAD ./Drivers/STM32H7xx_HAL_Driver/Src/stm32h7xx_hal_dma_ex.o
LOAD ./Drivers/STM32H7xx_HAL_Driver/Src/stm32h7xx_hal_exti.o
LOAD ./Drivers/STM32H7xx_HAL_Driver/Src/stm32h7xx_hal_flash.o
LOAD ./Drivers/STM32H7xx_HAL_Driver/Src/stm32h7xx_hal_flash_ex.o
LOAD ./Drivers/STM32H7xx_HAL_Driver/Src/stm32h7xx_hal_gpio.o
LOAD ./Drivers/STM32H7xx_HAL_Driver/Src/stm32h7xx_hal_hsem.o
LOAD ./Drivers/STM32H7xx_HAL_Driver/Src/stm32h7xx_hal_i2c.o
LOAD ./Drivers/STM32H7xx_HAL_Driver/Src/stm32h7xx_hal_i2c_ex.o
LOAD ./Drivers/STM32H7xx_HAL_Driver/Src/stm32h7xx_hal_mdma.o
LOAD ./Drivers/STM32H7xx_HAL_Driver/Src/stm32h7xx_hal_pwr.o
LOAD ./Drivers/STM32H7xx_HAL_Driver/Src/stm32h7xx_hal_pwr_ex.o
LOAD ./Drivers/STM32H7xx_HAL_Driver/Src/stm32h7xx_hal_rcc.o
LOAD ./Drivers/STM32H7xx_HAL_Driver/Src/stm32h7xx_hal_rcc_ex.o
LOAD ./Drivers/STM32H7xx_HAL_Driver/Src/stm32h7xx_hal_spi.o
LOAD ./Drivers/STM32H7xx_HAL_Driver/Src/stm32h7xx_hal_spi_ex.o
LOAD ./Drivers/STM32H7xx_HAL_Driver/Src/stm32h7xx_hal_tim.o
LOAD ./Drivers/STM32H7xx_HAL_Driver/Src/stm32h7xx_hal_tim_ex.o
LOAD ./Drivers/STM32H7xx_HAL_Driver/Src/stm32h7xx_hal_uart.o
LOAD ./Drivers/STM32H7xx_HAL_Driver/Src/stm32h7xx_hal_uart_ex.o
START GROUP
LOAD D:/Micro procesor/STM32CubeIDE_1.18.0/STM32CubeIDE/plugins/com.st.stm32cube.ide.mcu.externaltools.gnu-tools-for-stm32.13.3.rel1.win32_1.0.0.202411081344/tools/bin/../lib/gcc/arm-none-eabi/13.3.1/../../../../arm-none-eabi/lib/thumb/v7e-m+dp/hard\libc_nano.a
LOAD D:/Micro procesor/STM32CubeIDE_1.18.0/STM32CubeIDE/plugins/com.st.stm32cube.ide.mcu.externaltools.gnu-tools-for-stm32.13.3.rel1.win32_1.0.0.202411081344/tools/bin/../lib/gcc/arm-none-eabi/13.3.1/../../../../arm-none-eabi/lib/thumb/v7e-m+dp/hard\libm.a
END GROUP
START GROUP
LOAD D:/Micro procesor/STM32CubeIDE_1.18.0/STM32CubeIDE/plugins/com.st.stm32cube.ide.mcu.externaltools.gnu-tools-for-stm32.13.3.rel1.win32_1.0.0.202411081344/tools/bin/../lib/gcc/arm-none-eabi/13.3.1/thumb/v7e-m+dp/hard\libgcc.a
LOAD D:/Micro procesor/STM32CubeIDE_1.18.0/STM32CubeIDE/plugins/com.st.stm32cube.ide.mcu.externaltools.gnu-tools-for-stm32.13.3.rel1.win32_1.0.0.202411081344/tools/bin/../lib/gcc/arm-none-eabi/13.3.1/../../../../arm-none-eabi/lib/thumb/v7e-m+dp/hard\libc_nano.a
END GROUP
START GROUP
LOAD D:/Micro procesor/STM32CubeIDE_1.18.0/STM32CubeIDE/plugins/com.st.stm32cube.ide.mcu.externaltools.gnu-tools-for-stm32.13.3.rel1.win32_1.0.0.202411081344/tools/bin/../lib/gcc/arm-none-eabi/13.3.1/thumb/v7e-m+dp/hard\libgcc.a
LOAD D:/Micro procesor/STM32CubeIDE_1.18.0/STM32CubeIDE/plugins/com.st.stm32cube.ide.mcu.externaltools.gnu-tools-for-stm32.13.3.rel1.win32_1.0.0.202411081344/tools/bin/../lib/gcc/arm-none-eabi/13.3.1/../../../../arm-none-eabi/lib/thumb/v7e-m+dp/hard\libc_nano.a
LOAD D:/Micro procesor/STM32CubeIDE_1.18.0/STM32CubeIDE/plugins/com.st.stm32cube.ide.mcu.externaltools.gnu-tools-for-stm32.13.3.rel1.win32_1.0.0.202411081344/tools/bin/../lib/gcc/arm-none-eabi/13.3.1/../../../../arm-none-eabi/lib/thumb/v7e-m+dp/hard\libnosys.a
END GROUP
START GROUP
LOAD D:/Micro procesor/STM32CubeIDE_1.18.0/STM32CubeIDE/plugins/com.st.stm32cube.ide.mcu.externaltools.gnu-tools-for-stm32.13.3.rel1.win32_1.0.0.202411081344/tools/bin/../lib/gcc/arm-none-eabi/13.3.1/thumb/v7e-m+dp/hard\libgcc.a
LOAD D:/Micro procesor/STM32CubeIDE_1.18.0/STM32CubeIDE/plugins/com.st.stm32cube.ide.mcu.externaltools.gnu-tools-for-stm32.13.3.rel1.win32_1.0.0.202411081344/tools/bin/../lib/gcc/arm-none-eabi/13.3.1/../../../../arm-none-eabi/lib/thumb/v7e-m+dp/hard\libc_nano.a
LOAD D:/Micro procesor/STM32CubeIDE_1.18.0/STM32CubeIDE/plugins/com.st.stm32cube.ide.mcu.externaltools.gnu-tools-for-stm32.13.3.rel1.win32_1.0.0.202411081344/tools/bin/../lib/gcc/arm-none-eabi/13.3.1/../../../../arm-none-eabi/lib/thumb/v7e-m+dp/hard\libnosys.a
END GROUP
LOAD D:/Micro procesor/STM32CubeIDE_1.18.0/STM32CubeIDE/plugins/com.st.stm32cube.ide.mcu.externaltools.gnu-tools-for-stm32.13.3.rel1.win32_1.0.0.202411081344/tools/bin/../lib/gcc/arm-none-eabi/13.3.1/thumb/v7e-m+dp/hard/crtend.o
LOAD D:/Micro procesor/STM32CubeIDE_1.18.0/STM32CubeIDE/plugins/com.st.stm32cube.ide.mcu.externaltools.gnu-tools-for-stm32.13.3.rel1.win32_1.0.0.202411081344/tools/bin/../lib/gcc/arm-none-eabi/13.3.1/thumb/v7e-m+dp/hard/crtn.o
                0x24050000                        _estack = (ORIGIN (RAM_D1) + LENGTH (RAM_D1))
                0x00000200                        _Min_Heap_Size = 0x200
                0x00000400                        _Min_Stack_Size = 0x400

.isr_vector     0x08000000      0x2cc
                0x08000000                        . = ALIGN (0x4)
 *(.isr_vector)
 .isr_vector    0x08000000      0x2cc ./Core/Startup/startup_stm32h723zgtx.o
                0x08000000                g_pfnVectors
                0x080002cc                        . = ALIGN (0x4)

.text           0x080002d0    0x3a808
                0x080002d0                        . = ALIGN (0x4)
 *(.text)
 .text          0x080002d0       0x40 D:/Micro procesor/STM32CubeIDE_1.18.0/STM32CubeIDE/plugins/com.st.stm32cube.ide.mcu.externaltools.gnu-tools-for-stm32.13.3.rel1.win32_1.0.0.202411081344/tools/bin/../lib/gcc/arm-none-eabi/13.3.1/thumb/v7e-m+dp/hard/crtbegin.o
 .text          0x08000310      0xbe0 ./Core/Src/BMP180.o
                0x08000310                BMP180_read_ID
                0x08000340                BMP180_init
                0x080003fe                BMP180_READ_temp
                0x0800044a                BMP180_READ_pres
                0x080004a0                BMP180_READ_temp_IT
                0x080004dc                BMP180_READ_pres_IT
                0x08000518                BMP180_GET_temp_IT
                0x08000558                BMP180_GET_pres_IT
                0x080005aa                BMP180_start_measurment_temp
                0x080005dc                BMP180_start_measurment_pres
                0x0800060e                BMP180_start_measurment_pres_IT
                0x0800064a                BMP180_start_measurment_temp_IT
                0x08000686                BMP180_read_calliberation_data
                0x080007ec                BMP180_GET_temp
                0x080008be                BMP180_GET_pres
                0x08000bdc                BMP180_CALIBRATION
                0x08000c64                BMP180_GET_height
                0x08000ce2                BMP180_100_ms_Process
                0x08000d0a                BMP180_05_ms_Process
                0x08000d92                BMP180_I2C_Tx_IT_Process
                0x08000df6                BMP180_I2C_Rx_IT_Process
 .text          0x08000ef0      0x216 ./Core/Src/ESC.o
                0x08000ef0                ESC_1_SPEED
                0x08000f36                ESC_2_SPEED
                0x08000f7c                ESC_3_SPEED
                0x08000fc2                ESC_4_SPEED
                0x08001008                ESC_SETALL
                0x0800103a                ESC_INT
                0x080010f8                ESC_Calibration
 .text          0x08001106      0x1da ./Core/Src/HC-SR04.o
                0x08001106                HC_SR04_Start_Messurment
                0x08001140                HC_SR04_End_Messurment
                0x0800117a                HC_SR04_Get_Echo
                0x08001210                HC_SR04_Get_Distance
                0x08001252                HC_SR04_Init
 .text          0x080012e0      0x978 ./Core/Src/HMC5883L.o
                0x080012e0                HMC5883L_Init
                0x08001554                HMC5883L_Get_Z_Start
                0x080016f6                HMC5883L_Get_Z_Start_IT
                0x08001732                HMC5883L_Get_Z_End_IT
                0x08001a18                HMC5883L_Calibration
                0x08001abe                HMC5883L_Cal
 .text          0x08001c58     0x1344 ./Core/Src/MPU6050.o
                0x08001c58                MPU6050_INIT
                0x08001dde                MPU6050_RESET
                0x08001e10                MPU6050_CONFIG_DLPF
                0x08001e48                MPU6050_CONFIG_GYRO
                0x08001e80                MPU6050_CONFIG_ACCEL
                0x08001eb8                MPU6050_CONFIG_FIFO
                0x08001eea                MPU6050_CONFIG_INT
                0x08001f1c                MPU6050_CONFIG_SAMPLE_RATE
                0x08001f4e                MPU6050_CONFIG_INTERRUPT_ENABLE
                0x08001f80                MPU6050_CONFIG_USER_CONTROL
                0x08001fb2                MPU6050_CALIBRATION
                0x08002248                MPU6050_GET_ACCEL_TO_ANGLE
                0x080023c2                MPU6050_GET_GYRO_TO_ANGLE
                0x0800244c                MPU6050_GET_ACCANDGYR_CALANDSCL
                0x080025c4                MPU6050_GET_ACCANDGYR_CALANDSCL_IT
                0x08002600                MPU6050_GET_CALANDSCL_IT
                0x08002842                MPU6050_GET_ACCANDGYR_FILTRED
                0x080028b0                MPU6050_GET_ACCEL_XH
                0x080028e0                MPU6050_GET_ACCEL_XL
                0x08002910                MPU6050_GET_ACCEL_YH
                0x08002940                MPU6050_GET_ACCEL_YL
                0x08002970                MPU6050_GET_ACCEL_ZH
                0x080029a0                MPU6050_GET_ACCEL_ZL
                0x080029d0                MPU6050_GET_GYRO_XH
                0x08002a00                MPU6050_GET_GYRO_XL
                0x08002a30                MPU6050_GET_GYRO_YH
                0x08002a60                MPU6050_GET_GYRO_YL
                0x08002a90                MPU6050_GET_GYRO_ZH
                0x08002ac0                MPU6050_GET_GYRO_ZL
                0x08002af0                MPU6050_GET_ACCEL_FULLVALUE_X
                0x08002b32                MPU6050_GET_ACCEL_FULLVALUE_Y
                0x08002b5c                MPU6050_GET_ACCEL_FULLVALUE_Z
                0x08002b86                MPU6050_GET_GYRO_FULLVALUE_X
                0x08002bb0                MPU6050_GET_GYRO_FULLVALUE_Y
                0x08002bda                MPU6050_GET_GYRO_FULLVALUE_Z
                0x08002c04                MPU6050_READ_ID
                0x08002c36                MPU6050_READ_CONFIG_DLPF
                0x08002c66                MPU6050_READ_CONFIG_GYRO
                0x08002c96                MPU6050_READ_CONFIG_ACCEL
                0x08002cc6                MPU6050_READ_CONFIG_FIFO
                0x08002cf6                MPU6050_READ_CONFIG_INT
                0x08002d26                MPU6050_READ_CONFIG_SAMPLE_RATE
                0x08002d56                MPU6050_READ_CONFIG_INTERRUPT_ENABLE
                0x08002d86                MPU6050_READ_CONFIG_USER_CONTROL
                0x08002db6                MPU6050_Enable_I2C_Bypass
                0x08002de8                MPU6050_VerAcc_Cal
                0x08002e08                MPU6050_VerVel_Cal
                0x08002e44                MPU6050_Horizontal_Velocities_Calculation
                0x08002e64                Complementary_getFilter
 .text          0x08002f9c     0x1b2a ./Core/Src/MadgwickAHRS.o
                0x08002f9c                MadgwickAHRSupdate
                0x080040ae                MadgwickAHRSupdateIMU
                0x08004858                invSqrt
                0x080048fa                Madgwick_Get_Angles
 .text          0x08004ac6     0x1772 ./Core/Src/NRF24.o
                0x08004da6                nRF24_RX_Mode
                0x08004e1c                nRF24_TX_Mode
                0x08004e84                nRF24_ReadConfig
                0x08004e94                nRF24_WriteConfig
                0x08004eb0                nRF24_SetPALevel
                0x08004ef0                nRF24_SetDataRate
                0x08004f3c                nRF24_ReadStatus
                0x08004f4c                nRF24_WriteStatus
                0x08004f68                nRF24_FlushRX
                0x08004fa4                nRF24_FlushTX
                0x08004fe0                nRF24_EnableCRC
                0x0800501a                nRF24_SetCRCLength
                0x08005054                nRF24_SetRetries
                0x0800508c                nRF24_SetRFChannel
                0x080050ae                nRF24_SetPayloadSize
                0x080050e6                nRF24_EnablePipe
                0x08005150                nRF24_AutoACK
                0x080051ba                nRF24_SetAddressWidth
                0x080051f4                nRF24_SetRXAddress
                0x08005266                nRF24_SetTXAddress
                0x080052f4                nRF24_ClearInterrupts
                0x0800531a                nRF24_EnableRXDataReadyIRQ
                0x08005354                nRF24_EnableTXDataSentIRQ
                0x0800538e                nRF24_EnableMaxRetransmitIRQ
                0x080053c8                nRF24_WriteTXPayload
                0x080053e2                nRF24_WriteTXPayload_IT
                0x0800540a                nRF24_WaitTX
                0x08005460                nRF24_ReadRXPaylaod
                0x08005498                nRF24_ReadRXPaylaod_IT
                0x080054c0                nRF24_ReadRXPaylaod_IT_End
                0x08005504                nRF24_GetDynamicPayloadSize
                0x08005536                nRF24_RXAvailible
                0x0800556c                nRF24_IsRxEmpty
                0x08005592                nRF24_IsBitSetInFifoStatus
                0x080055c2                nRF24_ReadFifoStatus
                0x080055d2                nRF24_Init
                0x0800570e                nRF24_Start_Up
                0x08005938                nRF24_1ms_Process
                0x08005c1a                nRF24_GPIO_EXTI_Process
                0x08005c84                nRF24_SPI_Tx_IT_Process
                0x08005d42                nRF24_SPI_Rx_IT_Process
                0x08006164                nRF24_While_Process
                0x0800622a                nRF24_Inittest
 .text          0x08006238     0x1492 ./Core/Src/USART komendy.o
                0x0800626c                interpretcommand
                0x08006328                executecommand
 .text          0x080076ca      0x312 ./Core/Src/adc.o
                0x080076ca                MX_ADC2_Init
                0x0800780a                HAL_ADC_MspInit
                0x08007980                HAL_ADC_MspDeInit
 .text          0x080079dc       0x4e ./Core/Src/dma.o
                0x080079dc                MX_DMA_Init
 *fill*         0x08007a2a        0x2 
 .text          0x08007a2c     0x3390 ./Core/Src/dron.o
                0x08007a7a                Dron_Init
                0x0800832a                Thrust_filter
                0x080085f2                Thrust_filter_2
                0x08008666                Thrust_Angle_error_Filter
                0x08008780                APV
                0x0800885c                ADV
                0x08008938                acceleration_stabilizer
                0x0800894e                PID_Values_Save_Check
                0x08008de2                PID_call
                0x080090f6                PID_call_2
                0x0800a27a                PID_cal
                0x0800a294                Get_batteryvalue
                0x0800a35e                IS_DRON_ON_GROUND
                0x0800a3f8                PID_Self_Regulation
                0x0800a478                Angle_Filter
                0x0800a674                convert_array_to_value
                0x0800a716                convert_value_to_array
                0x0800a7d4                potenga
                0x0800a854                WartoscBezwgledna
                0x0800a892                _write
                0x0800a8ca                RGB_LED_Set_color
                0x0800a912                RGB_LED_For_BAT
                0x0800a9a4                convert_value_to_array2
                0x0800aa62                convert_value_to_array3
                0x0800ac58                ROOL_MAX_VAL
                0x0800ac78                ROOL_MIN_VAL
                0x0800ac9c                PITCH_MAX_VAL
                0x0800acbc                PITCH_MIN_VAL
                0x0800ace0                YAW_MAX_VAL
                0x0800ad00                YAW_MIN_VAL
                0x0800ad24                ROOL_GOOD_VAL
                0x0800ad56                PITCH_GOOD_VAL
                0x0800ad88                YAW_GOOD_VAL
 .text          0x0800adbc      0x37c ./Core/Src/gpio.o
                0x0800adbc                MX_GPIO_Init
 .text          0x0800b138      0x232 ./Core/Src/i2c.o
                0x0800b138                MX_I2C5_Init
                0x0800b200                HAL_I2C_MspInit
                0x0800b308                HAL_I2C_MspDeInit
 .text          0x0800b36a     0x1e16 ./Core/Src/main.o
                0x0800b39e                main
                0x0800bc04                SystemClock_Config
                0x0800bcfc                PeriphCommonClock_Config
                0x0800bd64                FPU_IRQ_CallBack
                0x0800bd98                HAL_TIM_PeriodElapsedCallback
                0x0800c06c                HAL_GPIO_EXTI_Callback
                0x0800c0cc                HAL_UART_RxCpltCallback
                0x0800c188                HAL_I2C_MemTxCpltCallback
                0x0800c19c                HAL_I2C_MemRxCpltCallback
                0x0800d0f4                HAL_SPI_TxCpltCallback
                0x0800d108                HAL_SPI_RxCpltCallback
                0x0800d174                Error_Handler
 .text          0x0800d180      0x24a ./Core/Src/spi.o
                0x0800d180                MX_SPI1_Init
                0x0800d2b4                HAL_SPI_MspInit
                0x0800d37a                HAL_SPI_MspDeInit
 .text          0x0800d3ca       0x42 ./Core/Src/stm32h7xx_hal_msp.o
                0x0800d3ca                HAL_MspInit
 .text          0x0800d40c      0x2b8 ./Core/Src/stm32h7xx_it.o
                0x0800d40c                NMI_Handler
                0x0800d45c                HardFault_Handler
                0x0800d4ac                MemManage_Handler
                0x0800d4fc                BusFault_Handler
                0x0800d54c                UsageFault_Handler
                0x0800d59c                SVC_Handler
                0x0800d5aa                DebugMon_Handler
                0x0800d5b8                PendSV_Handler
                0x0800d5c6                SysTick_Handler
                0x0800d5d2                EXTI1_IRQHandler
                0x0800d5e0                ADC_IRQHandler
                0x0800d5f4                TIM2_IRQHandler
                0x0800d608                SPI1_IRQHandler
                0x0800d61c                USART1_IRQHandler
                0x0800d630                EXTI15_10_IRQHandler
                0x0800d640                TIM8_UP_TIM13_IRQHandler
                0x0800d660                DMA2_Stream0_IRQHandler
                0x0800d674                TIM16_IRQHandler
                0x0800d688                TIM17_IRQHandler
                0x0800d69c                I2C5_EV_IRQHandler
                0x0800d6b0                TIM24_IRQHandler
 .text          0x0800d6c4      0x518 ./Core/Src/system_stm32h7xx.o
                0x0800d6c4                SystemInit
                0x0800d85e                SystemCoreClockUpdate
 .text          0x0800dbdc      0xe54 ./Core/Src/tim.o
                0x0800dbdc                MX_TIM1_Init
                0x0800dd7c                MX_TIM2_Init
                0x0800de56                MX_TIM3_Init
                0x0800df98                MX_TIM5_Init
                0x0800e074                MX_TIM8_Init
                0x0800e158                MX_TIM13_Init
                0x0800e1c8                MX_TIM16_Init
                0x0800e242                MX_TIM17_Init
                0x0800e2bc                MX_TIM24_Init
                0x0800e3a0                HAL_TIM_PWM_MspInit
                0x0800e434                HAL_TIM_IC_MspInit
                0x0800e588                HAL_TIM_Base_MspInit
                0x0800e6de                HAL_TIM_OC_MspInit
                0x0800e73e                HAL_TIM_MspPostInit
                0x0800e82e                HAL_TIM_PWM_MspDeInit
                0x0800e89a                HAL_TIM_IC_MspDeInit
                0x0800e91c                HAL_TIM_Base_MspDeInit
                0x0800e9ee                HAL_TIM_OC_MspDeInit
 .text          0x0800ea30      0x244 ./Core/Src/usart.o
                0x0800ea30                MX_USART1_UART_Init
                0x0800eb20                HAL_UART_MspInit
                0x0800ec24                HAL_UART_MspDeInit
 .text          0x0800ec74      0xcd4 ./Drivers/STM32H7xx_HAL_Driver/Src/stm32h7xx_hal.o
                0x0800ec74                HAL_Init
                0x0800ecfe                HAL_DeInit
                0x0800ee42                HAL_MspDeInit
                0x0800ee50                HAL_InitTick
                0x0800eec8                HAL_IncTick
                0x0800eef8                HAL_GetTick
                0x0800ef10                HAL_GetTickPrio
                0x0800ef28                HAL_SetTickFreq
                0x0800ef8e                HAL_GetTickFreq
                0x0800efa6                HAL_Delay
                0x0800efee                HAL_SuspendTick
                0x0800f014                HAL_ResumeTick
                0x0800f03a                HAL_GetHalVersion
                0x0800f050                HAL_GetREVID
                0x0800f06a                HAL_GetDEVID
                0x0800f086                HAL_GetUIDw0
                0x0800f09e                HAL_GetUIDw1
                0x0800f0b6                HAL_GetUIDw2
                0x0800f0ce                HAL_SYSCFG_VREFBUF_VoltageScalingConfig
                0x0800f0fe                HAL_SYSCFG_VREFBUF_HighImpedanceConfig
                0x0800f12e                HAL_SYSCFG_VREFBUF_TrimmingConfig
                0x0800f15e                HAL_SYSCFG_EnableVREFBUF
                0x0800f1b2                HAL_SYSCFG_DisableVREFBUF
                0x0800f1d8                HAL_SYSCFG_ETHInterfaceSelect
                0x0800f208                HAL_SYSCFG_AnalogSwitchConfig
                0x0800f23e                HAL_SYSCFG_EnableBOOST
                0x0800f264                HAL_SYSCFG_DisableBOOST
                0x0800f28a                HAL_SYSCFG_CM7BootAddConfig
                0x0800f2f0                HAL_EnableCompensationCell
                0x0800f316                HAL_DisableCompensationCell
                0x0800f33c                HAL_SYSCFG_EnableIOSpeedOptimize
                0x0800f362                HAL_SYSCFG_DisableIOSpeedOptimize
                0x0800f388                HAL_SYSCFG_CompensationCodeSelect
                0x0800f3b8                HAL_SYSCFG_CompensationCodeConfig
                0x0800f3f0                HAL_SYSCFG_ADC2ALT_Rout0Config
                0x0800f420                HAL_SYSCFG_ADC2ALT_Rout1Config
                0x0800f450                HAL_DBGMCU_EnableDBGSleepMode
                0x0800f476                HAL_DBGMCU_DisableDBGSleepMode
                0x0800f49c                HAL_DBGMCU_EnableDBGStopMode
                0x0800f4c2                HAL_DBGMCU_DisableDBGStopMode
                0x0800f4e8                HAL_DBGMCU_EnableDBGStandbyMode
                0x0800f50e                HAL_DBGMCU_DisableDBGStandbyMode
                0x0800f534                HAL_EnableDomain3DBGStopMode
                0x0800f55a                HAL_DisableDomain3DBGStopMode
                0x0800f580                HAL_EnableDomain3DBGStandbyMode
                0x0800f5a6                HAL_DisableDomain3DBGStandbyMode
                0x0800f5cc                HAL_SetFMCMemorySwappingConfig
                0x0800f5fc                HAL_GetFMCMemorySwappingConfig
                0x0800f618                HAL_EXTI_EdgeConfig
                0x0800f6f4                HAL_EXTI_GenerateSWInterrupt
                0x0800f738                HAL_EXTI_D1_ClearFlag
                0x0800f768                HAL_EXTI_D1_EventInputConfig
                0x0800f86c                HAL_EXTI_D3_EventInputConfig
 .text          0x0800f948     0x3b0a ./Drivers/STM32H7xx_HAL_Driver/Src/stm32h7xx_hal_adc.o
                0x08010278                HAL_ADC_Init
                0x080106d2                HAL_ADC_DeInit
                0x08010aca                HAL_ADC_Start
                0x08010c8a                HAL_ADC_Stop
                0x08010cf2                HAL_ADC_PollForConversion
                0x08010f10                HAL_ADC_PollForEvent
                0x0801106e                HAL_ADC_Start_IT
                0x08011316                HAL_ADC_Stop_IT
                0x0801138e                HAL_ADC_Start_DMA
                0x08011564                HAL_ADC_Stop_DMA
                0x08011628                HAL_ADC_GetValue
                0x08011642                HAL_ADC_IRQHandler
                0x08011af6                HAL_ADC_ConvCpltCallback
                0x08011b0a                HAL_ADC_ConvHalfCpltCallback
                0x08011b1e                HAL_ADC_LevelOutOfWindowCallback
                0x08011b32                HAL_ADC_ErrorCallback
                0x08011b46                HAL_ADC_ConfigChannel
                0x08012642                HAL_ADC_AnalogWDGConfig
                0x08012dae                HAL_ADC_GetState
                0x08012dc6                HAL_ADC_GetError
                0x08012dde                ADC_ConversionStop
                0x08012f56                ADC_Enable
                0x08013080                ADC_Disable
                0x0801313e                ADC_DMAConvCplt
                0x08013216                ADC_DMAHalfConvCplt
                0x08013232                ADC_DMAError
                0x08013266                ADC_ConfigureBoostMode
 .text          0x08013452     0x2ce4 ./Drivers/STM32H7xx_HAL_Driver/Src/stm32h7xx_hal_adc_ex.o
                0x08013b28                HAL_ADCEx_Calibration_Start
                0x08013bf4                HAL_ADCEx_Calibration_GetValue
                0x08013c14                HAL_ADCEx_LinearCalibration_GetValue
                0x08013cbc                HAL_ADCEx_Calibration_SetValue
                0x08013d54                HAL_ADCEx_LinearCalibration_SetValue
                0x08013ed6                HAL_ADCEx_LinearCalibration_FactorLoad
                0x08013f6a                HAL_ADCEx_InjectedStart
                0x08014108                HAL_ADCEx_InjectedStop
                0x0801418e                HAL_ADCEx_InjectedPollForConversion
                0x08014352                HAL_ADCEx_InjectedStart_IT
                0x0801455c                HAL_ADCEx_InjectedStop_IT
                0x080145f2                HAL_ADCEx_MultiModeStart_DMA
                0x080147e8                HAL_ADCEx_MultiModeStop_DMA
                0x08014988                HAL_ADCEx_MultiModeGetValue
                0x080149d4                HAL_ADCEx_InjectedGetValue
                0x08014a44                HAL_ADCEx_InjectedConvCpltCallback
                0x08014a58                HAL_ADCEx_InjectedQueueOverflowCallback
                0x08014a6c                HAL_ADCEx_LevelOutOfWindow2Callback
                0x08014a80                HAL_ADCEx_LevelOutOfWindow3Callback
                0x08014a94                HAL_ADCEx_EndOfSamplingCallback
                0x08014aa8                HAL_ADCEx_RegularStop
                0x08014b3a                HAL_ADCEx_RegularStop_IT
                0x08014bdc                HAL_ADCEx_RegularStop_DMA
                0x08014cbc                HAL_ADCEx_RegularMultiModeStop_DMA
                0x08014e76                HAL_ADCEx_InjectedConfigChannel
                0x08015e08                HAL_ADCEx_MultiModeConfigChannel
                0x08016020                HAL_ADCEx_EnableInjectedQueue
                0x0801607c                HAL_ADCEx_DisableInjectedQueue
                0x080160ca                HAL_ADCEx_DisableVoltageRegulator
                0x08016100                HAL_ADCEx_EnterADCDeepPowerDownMode
 .text          0x08016136      0x74c ./Drivers/STM32H7xx_HAL_Driver/Src/stm32h7xx_hal_cortex.o
                0x08016534                HAL_NVIC_SetPriorityGrouping
                0x0801654a                HAL_NVIC_SetPriority
                0x0801657e                HAL_NVIC_EnableIRQ
                0x0801659a                HAL_NVIC_DisableIRQ
                0x080165b6                HAL_NVIC_SystemReset
                0x080165be                HAL_SYSTICK_Config
                0x080165d6                HAL_MPU_Disable
                0x0801660e                HAL_MPU_Enable
                0x08016656                HAL_MPU_EnableRegion
                0x0801668e                HAL_MPU_DisableRegion
                0x080166c6                HAL_MPU_ConfigRegion
                0x0801675e                HAL_NVIC_GetPriorityGrouping
                0x0801676c                HAL_NVIC_GetPriority
                0x08016798                HAL_NVIC_SetPendingIRQ
                0x080167b4                HAL_NVIC_GetPendingIRQ
                0x080167d2                HAL_NVIC_ClearPendingIRQ
                0x080167ee                HAL_NVIC_GetActive
                0x0801680c                HAL_SYSTICK_CLKSourceConfig
                0x08016858                HAL_SYSTICK_IRQHandler
                0x08016864                HAL_SYSTICK_Callback
                0x08016872                HAL_GetCurrentCPUID
 *fill*         0x08016882        0x2 
 .text          0x08016884     0x4310 ./Drivers/STM32H7xx_HAL_Driver/Src/stm32h7xx_hal_dma.o
                0x08016884                HAL_DMA_Init
                0x08017006                HAL_DMA_DeInit
                0x080173e0                HAL_DMA_Start
                0x0801767e                HAL_DMA_Start_IT
                0x08017c2e                HAL_DMA_Abort
                0x08018372                HAL_DMA_Abort_IT
                0x080188d8                HAL_DMA_PollForTransfer
                0x08019118                HAL_DMA_IRQHandler
                0x0801a11e                HAL_DMA_RegisterCallback
                0x0801a1d0                HAL_DMA_UnRegisterCallback
                0x0801a2aa                HAL_DMA_GetState
                0x0801a2c6                HAL_DMA_GetError
 .text          0x0801ab94      0x6c2 ./Drivers/STM32H7xx_HAL_Driver/Src/stm32h7xx_hal_gpio.o
                0x0801ab94                HAL_GPIO_Init
                0x0801af04                HAL_GPIO_DeInit
                0x0801b126                HAL_GPIO_ReadPin
                0x0801b156                HAL_GPIO_WritePin
                0x0801b188                HAL_GPIO_TogglePin
                0x0801b1bc                HAL_GPIO_LockPin
                0x0801b20c                HAL_GPIO_EXTI_IRQHandler
 .text          0x0801b256     0x5e3c ./Drivers/STM32H7xx_HAL_Driver/Src/stm32h7xx_hal_i2c.o
                0x0801b256                HAL_I2C_Init
                0x0801b38e                HAL_I2C_DeInit
                0x0801b414                HAL_I2C_Master_Transmit
                0x0801b64c                HAL_I2C_Master_Receive
                0x0801b840                HAL_I2C_Slave_Transmit
                0x0801bada                HAL_I2C_Slave_Receive
                0x0801bcfa                HAL_I2C_Master_Transmit_IT
                0x0801be36                HAL_I2C_Master_Receive_IT
                0x0801bf18                HAL_I2C_Slave_Transmit_IT
                0x0801bff4                HAL_I2C_Slave_Receive_IT
                0x0801c096                HAL_I2C_Master_Transmit_DMA
                0x0801c2cc                HAL_I2C_Master_Receive_DMA
                0x0801c4ba                HAL_I2C_Slave_Transmit_DMA
                0x0801c698                HAL_I2C_Slave_Receive_DMA
                0x0801c80a                HAL_I2C_Mem_Write
                0x0801ca34                HAL_I2C_Mem_Read
                0x0801cc72                HAL_I2C_Mem_Write_IT
                0x0801cd88                HAL_I2C_Mem_Read_IT
                0x0801ce96                HAL_I2C_Mem_Write_DMA
                0x0801d06a                HAL_I2C_Mem_Read_DMA
                0x0801d23c                HAL_I2C_IsDeviceReady
                0x0801d44a                HAL_I2C_Master_Seq_Transmit_IT
                0x0801d5c8                HAL_I2C_Master_Seq_Transmit_DMA
                0x0801d870                HAL_I2C_Master_Seq_Receive_IT
                0x0801d97a                HAL_I2C_Master_Seq_Receive_DMA
                0x0801db90                HAL_I2C_Slave_Seq_Transmit_IT
                0x0801dcf8                HAL_I2C_Slave_Seq_Transmit_DMA
                0x0801df92                HAL_I2C_Slave_Seq_Receive_IT
                0x0801e0fa                HAL_I2C_Slave_Seq_Receive_DMA
                0x0801e394                HAL_I2C_EnableListen_IT
                0x0801e3d4                HAL_I2C_DisableListen_IT
                0x0801e436                HAL_I2C_Master_Abort_IT
                0x0801e4e0                HAL_I2C_EV_IRQHandler
                0x0801e514                HAL_I2C_ER_IRQHandler
                0x0801e5d6                HAL_I2C_MasterTxCpltCallback
                0x0801e5ea                HAL_I2C_MasterRxCpltCallback
                0x0801e5fe                HAL_I2C_SlaveTxCpltCallback
                0x0801e612                HAL_I2C_SlaveRxCpltCallback
                0x0801e626                HAL_I2C_AddrCallback
                0x0801e642                HAL_I2C_ListenCpltCallback
                0x0801e67e                HAL_I2C_ErrorCallback
                0x0801e692                HAL_I2C_AbortCpltCallback
                0x0801e6a6                HAL_I2C_GetState
                0x0801e6c2                HAL_I2C_GetMode
                0x0801e6de                HAL_I2C_GetError
 .text          0x08021092      0x2f0 ./Drivers/STM32H7xx_HAL_Driver/Src/stm32h7xx_hal_i2c_ex.o
                0x08021092                HAL_I2CEx_ConfigAnalogFilter
                0x08021128                HAL_I2CEx_ConfigDigitalFilter
                0x080211c0                HAL_I2CEx_EnableWakeUp
                0x08021244                HAL_I2CEx_DisableWakeUp
                0x080212c8                HAL_I2CEx_EnableFastModePlus
                0x08021324                HAL_I2CEx_DisableFastModePlus
 .text          0x08021382      0x42c ./Drivers/STM32H7xx_HAL_Driver/Src/stm32h7xx_hal_pwr.o
                0x08021382                HAL_PWR_DeInit
                0x08021390                HAL_PWR_EnableBkUpAccess
                0x080213b6                HAL_PWR_DisableBkUpAccess
                0x080213dc                HAL_PWR_ConfigPVD
                0x080214d6                HAL_PWR_EnablePVD
                0x080214fc                HAL_PWR_DisablePVD
                0x08021522                HAL_PWR_EnableWakeUpPin
                0x08021558                HAL_PWR_DisableWakeUpPin
                0x0802158a                HAL_PWR_EnterSLEEPMode
                0x080215c6                HAL_PWR_EnterSTOPMode
                0x08021672                HAL_PWR_EnterSTANDBYMode
                0x080216d6                HAL_PWR_EnableSleepOnExit
                0x080216fc                HAL_PWR_DisableSleepOnExit
                0x08021722                HAL_PWR_EnableSEVOnPend
                0x08021748                HAL_PWR_DisableSEVOnPend
                0x0802176e                HAL_PWR_PVD_IRQHandler
                0x080217a0                HAL_PWR_PVDCallback
 .text          0x080217ae      0xb08 ./Drivers/STM32H7xx_HAL_Driver/Src/stm32h7xx_hal_pwr_ex.o
                0x080217ae                HAL_PWREx_ConfigSupply
                0x0802183a                HAL_PWREx_GetSupplyConfig
                0x08021856                HAL_PWREx_ControlVoltageScaling
                0x080218cc                HAL_PWREx_GetVoltageRange
                0x080218e8                HAL_PWREx_ControlStopModeVoltageScaling
                0x0802191a                HAL_PWREx_GetStopModeVoltageRange
                0x08021936                HAL_PWREx_EnterSTOPMode
                0x08021a0c                HAL_PWREx_ClearPendingEvent
                0x08021a1c                HAL_PWREx_EnterSTANDBYMode
                0x08021aa2                HAL_PWREx_ConfigD3Domain
                0x08021ad2                HAL_PWREx_EnableFlashPowerDown
                0x08021af8                HAL_PWREx_DisableFlashPowerDown
                0x08021b1e                HAL_PWREx_EnableWakeUpPin
                0x08021c4e                HAL_PWREx_DisableWakeUpPin
                0x08021c7c                HAL_PWREx_GetWakeupFlag
                0x08021c9e                HAL_PWREx_ClearWakeupFlag
                0x08021ce2                HAL_PWREx_WAKEUP_PIN_IRQHandler
                0x08021d96                HAL_PWREx_WKUP1_Callback
                0x08021da4                HAL_PWREx_WKUP2_Callback
                0x08021db2                HAL_PWREx_WKUP4_Callback
                0x08021dc0                HAL_PWREx_WKUP6_Callback
                0x08021dce                HAL_PWREx_EnableBkUpReg
                0x08021e26                HAL_PWREx_DisableBkUpReg
                0x08021e7e                HAL_PWREx_EnableUSBReg
                0x08021ed6                HAL_PWREx_DisableUSBReg
                0x08021f2e                HAL_PWREx_EnableUSBVoltageDetector
                0x08021f54                HAL_PWREx_DisableUSBVoltageDetector
                0x08021f7a                HAL_PWREx_EnableBatteryCharging
                0x08021fc2                HAL_PWREx_DisableBatteryCharging
                0x08021fe8                HAL_PWREx_EnableMonitoring
                0x0802200e                HAL_PWREx_DisableMonitoring
                0x08022034                HAL_PWREx_GetTemperatureLevel
                0x0802207c                HAL_PWREx_GetVBATLevel
                0x080220c4                HAL_PWREx_ConfigAVD
                0x080221b6                HAL_PWREx_EnableAVD
                0x080221dc                HAL_PWREx_DisableAVD
                0x08022202                HAL_PWREx_PVD_AVD_IRQHandler
                0x080222a8                HAL_PWREx_AVDCallback
 *fill*         0x080222b6        0x2 
 .text          0x080222b8     0x1b24 ./Drivers/STM32H7xx_HAL_Driver/Src/stm32h7xx_hal_rcc.o
                0x080222b8                HAL_RCC_DeInit
                0x0802262a                HAL_RCC_OscConfig
                0x0802309c                HAL_RCC_ClockConfig
                0x0802352c                HAL_RCC_MCOConfig
                0x08023638                HAL_RCC_EnableCSS
                0x0802365e                HAL_RCC_DisableCSS
                0x08023684                HAL_RCC_GetSysClockFreq
                0x08023a02                HAL_RCC_GetHCLKFreq
                0x08023a7a                HAL_RCC_GetPCLK1Freq
                0x08023aaa                HAL_RCC_GetPCLK2Freq
                0x08023ada                HAL_RCC_GetOscConfig
                0x08023cf2                HAL_RCC_GetClockConfig
                0x08023d9e                HAL_RCC_NMI_IRQHandler
                0x08023dcc                HAL_RCC_CSSCallback
 .text          0x08023ddc     0x3810 ./Drivers/STM32H7xx_HAL_Driver/Src/stm32h7xx_hal_rcc_ex.o
                0x08023ddc                HAL_RCCEx_PeriphCLKConfig
                0x08025336                HAL_RCCEx_GetPeriphCLKConfig
                0x080256f6                HAL_RCCEx_GetPeriphCLKFreq
                0x0802628a                HAL_RCCEx_GetD1PCLK1Freq
                0x080262ba                HAL_RCCEx_GetD3PCLK1Freq
                0x080262ea                HAL_RCCEx_GetPLL2ClockFreq
                0x08026604                HAL_RCCEx_GetPLL3ClockFreq
                0x0802691e                HAL_RCCEx_GetPLL1ClockFreq
                0x08026c36                HAL_RCCEx_GetD1SysClockFreq
                0x08026ca6                HAL_RCCEx_EnableLSECSS
                0x08026ccc                HAL_RCCEx_DisableLSECSS
                0x08026d0a                HAL_RCCEx_EnableLSECSS_IT
                0x08026d6c                HAL_RCCEx_WakeUpStopCLKConfig
                0x08026d9c                HAL_RCCEx_KerWakeUpStopCLKConfig
                0x08026dcc                HAL_RCCEx_WWDGxSysResetConfig
                0x08026dfc                HAL_RCCEx_CRSConfig
                0x08026ed6                HAL_RCCEx_CRSSoftwareSynchronizationGenerate
                0x08026efc                HAL_RCCEx_CRSGetSynchronizationInfo
                0x08026f58                HAL_RCCEx_CRSWaitSynchronization
                0x08027080                HAL_RCCEx_CRS_IRQHandler
                0x0802717a                HAL_RCCEx_CRS_SyncOkCallback
                0x08027188                HAL_RCCEx_CRS_SyncWarnCallback
                0x08027196                HAL_RCCEx_CRS_ExpectedSyncCallback
                0x080271a4                HAL_RCCEx_CRS_ErrorCallback
                0x080275b0                HAL_RCCEx_LSECSS_IRQHandler
                0x080275de                HAL_RCCEx_LSECSS_Callback
 .text          0x080275ec     0x2f7c ./Drivers/STM32H7xx_HAL_Driver/Src/stm32h7xx_hal_spi.o
                0x080275ec                HAL_SPI_Init
                0x0802785c                HAL_SPI_DeInit
                0x080278d6                HAL_SPI_Transmit
                0x08027cb0                HAL_SPI_Receive
                0x08028194                HAL_SPI_TransmitReceive
                0x0802880a                HAL_SPI_Transmit_IT
                0x08028962                HAL_SPI_Receive_IT
                0x08028aba                HAL_SPI_TransmitReceive_IT
                0x08028ce8                HAL_SPI_Transmit_DMA
                0x08028f76                HAL_SPI_Receive_DMA
                0x0802920e                HAL_SPI_TransmitReceive_DMA
                0x0802958e                HAL_SPI_Abort
                0x0802976c                HAL_SPI_Abort_IT
                0x08029976                HAL_SPI_DMAPause
                0x0802999c                HAL_SPI_DMAResume
                0x080299c2                HAL_SPI_DMAStop
                0x080299e8                HAL_SPI_IRQHandler
                0x08029db6                HAL_SPI_TxRxCpltCallback
                0x08029dca                HAL_SPI_TxHalfCpltCallback
                0x08029dde                HAL_SPI_RxHalfCpltCallback
                0x08029df2                HAL_SPI_TxRxHalfCpltCallback
                0x08029e06                HAL_SPI_ErrorCallback
                0x08029e1a                HAL_SPI_AbortCpltCallback
                0x08029e2e                HAL_SPI_SuspendCallback
                0x08029e42                HAL_SPI_GetState
                0x08029e5e                HAL_SPI_GetError
 .text          0x0802a568     0x716c ./Drivers/STM32H7xx_HAL_Driver/Src/stm32h7xx_hal_tim.o
                0x0802a568                HAL_TIM_Base_Init
                0x0802a616                HAL_TIM_Base_DeInit
                0x0802a6f6                HAL_TIM_Base_Start
                0x0802a800                HAL_TIM_Base_Stop
                0x0802a84e                HAL_TIM_Base_Start_IT
                0x0802a968                HAL_TIM_Base_Stop_IT
                0x0802a9c6                HAL_TIM_Base_Start_DMA
                0x0802ab4c                HAL_TIM_Base_Stop_DMA
                0x0802abb0                HAL_TIM_OC_Init
                0x0802ac5e                HAL_TIM_OC_DeInit
                0x0802ad3e                HAL_TIM_OC_Start
                0x0802af98                HAL_TIM_OC_Stop
                0x0802b0ca                HAL_TIM_OC_Start_IT
                0x0802b3be                HAL_TIM_OC_Stop_IT
                0x0802b58a                HAL_TIM_OC_Start_DMA
                0x0802ba52                HAL_TIM_OC_Stop_DMA
                0x0802bc46                HAL_TIM_PWM_Init
                0x0802bcf4                HAL_TIM_PWM_DeInit
                0x0802bdd4                HAL_TIM_PWM_Start
                0x0802c02e                HAL_TIM_PWM_Stop
                0x0802c160                HAL_TIM_PWM_Start_IT
                0x0802c456                HAL_TIM_PWM_Stop_IT
                0x0802c622                HAL_TIM_PWM_Start_DMA
                0x0802caea                HAL_TIM_PWM_Stop_DMA
                0x0802ccde                HAL_TIM_IC_Init
                0x0802cd8c                HAL_TIM_IC_DeInit
                0x0802ce6c                HAL_TIM_IC_Start
                0x0802d09e                HAL_TIM_IC_Stop
                0x0802d180                HAL_TIM_IC_Start_IT
                0x0802d44c                HAL_TIM_IC_Stop_IT
                0x0802d5c8                HAL_TIM_IC_Start_DMA
                0x0802d9d4                HAL_TIM_IC_Stop_DMA
                0x0802db76                HAL_TIM_OnePulse_Init
                0x0802dc16                HAL_TIM_OnePulse_DeInit
                0x0802dc9e                HAL_TIM_OnePulse_MspInit
                0x0802dcb2                HAL_TIM_OnePulse_MspDeInit
                0x0802dcc6                HAL_TIM_OnePulse_Start
                0x0802ddba                HAL_TIM_OnePulse_Stop
                0x0802dec2                HAL_TIM_OnePulse_Start_IT
                0x0802dfd6                HAL_TIM_OnePulse_Stop_IT
                0x0802e0fe                HAL_TIM_Encoder_Init
                0x0802e252                HAL_TIM_Encoder_DeInit
                0x0802e2da                HAL_TIM_Encoder_MspInit
                0x0802e2ee                HAL_TIM_Encoder_MspDeInit
                0x0802e302                HAL_TIM_Encoder_Start
                0x0802e41e                HAL_TIM_Encoder_Stop
                0x0802e56c                HAL_TIM_Encoder_Start_IT
                0x0802e6c8                HAL_TIM_Encoder_Stop_IT
                0x0802e852                HAL_TIM_Encoder_Start_DMA
                0x0802eb66                HAL_TIM_Encoder_Stop_DMA
                0x0802ed18                HAL_TIM_IRQHandler
                0x0802ef26                HAL_TIM_OC_ConfigChannel
                0x0802f018                HAL_TIM_IC_ConfigChannel
                0x0802f150                HAL_TIM_PWM_ConfigChannel
                0x0802f376                HAL_TIM_OnePulse_ConfigChannel
                0x0802f532                HAL_TIM_DMABurst_WriteStart
                0x0802f566                HAL_TIM_DMABurst_MultiWriteStart
                0x0802f86a                HAL_TIM_DMABurst_WriteStop
                0x0802f95e                HAL_TIM_DMABurst_ReadStart
                0x0802f992                HAL_TIM_DMABurst_MultiReadStart
                0x0802fc96                HAL_TIM_DMABurst_ReadStop
                0x0802fd8a                HAL_TIM_GenerateEvent
                0x0802fdd8                HAL_TIM_ConfigOCrefClear
                0x0802ffec                HAL_TIM_ConfigClockSource
                0x080301e8                HAL_TIM_ConfigTI1Input
                0x08030220                HAL_TIM_SlaveConfigSynchro
                0x080302a4                HAL_TIM_SlaveConfigSynchro_IT
                0x08030328                HAL_TIM_ReadCapturedValue
                0x080303c4                HAL_TIM_PeriodElapsedHalfCpltCallback
                0x080303d8                HAL_TIM_OC_DelayElapsedCallback
                0x080303ec                HAL_TIM_IC_CaptureCallback
                0x08030400                HAL_TIM_IC_CaptureHalfCpltCallback
                0x08030414                HAL_TIM_PWM_PulseFinishedCallback
                0x08030428                HAL_TIM_PWM_PulseFinishedHalfCpltCallback
                0x0803043c                HAL_TIM_TriggerCallback
                0x08030450                HAL_TIM_TriggerHalfCpltCallback
                0x08030464                HAL_TIM_ErrorCallback
                0x08030478                HAL_TIM_Base_GetState
                0x08030494                HAL_TIM_OC_GetState
                0x080304b0                HAL_TIM_PWM_GetState
                0x080304cc                HAL_TIM_IC_GetState
                0x080304e8                HAL_TIM_OnePulse_GetState
                0x08030504                HAL_TIM_Encoder_GetState
                0x08030520                HAL_TIM_GetActiveChannel
                0x08030538                HAL_TIM_GetChannelState
                0x080305aa                HAL_TIM_DMABurstState
                0x080305c6                TIM_DMAError
                0x08030700                TIM_DMADelayPulseHalfCplt
                0x08030768                TIM_DMACaptureCplt
                0x08030830                TIM_DMACaptureHalfCplt
                0x0803092c                TIM_Base_SetConfig
                0x08030c12                TIM_OC2_SetConfig
                0x080312d6                TIM_TI1_SetConfig
                0x0803164a                TIM_ETR_SetConfig
                0x0803168a                TIM_CCxChannelCmd
 .text          0x080316d4     0x2b94 ./Drivers/STM32H7xx_HAL_Driver/Src/stm32h7xx_hal_tim_ex.o
                0x080316d4                HAL_TIMEx_HallSensor_Init
                0x08031832                HAL_TIMEx_HallSensor_DeInit
                0x080318ba                HAL_TIMEx_HallSensor_MspInit
                0x080318ce                HAL_TIMEx_HallSensor_MspDeInit
                0x080318e2                HAL_TIMEx_HallSensor_Start
                0x08031a3a                HAL_TIMEx_HallSensor_Stop
                0x08031aaa                HAL_TIMEx_HallSensor_Start_IT
                0x08031c12                HAL_TIMEx_HallSensor_Stop_IT
                0x08031c92                HAL_TIMEx_HallSensor_Start_DMA
                0x08031e40                HAL_TIMEx_HallSensor_Stop_DMA
                0x08031eba                HAL_TIMEx_OCN_Start
                0x08032068                HAL_TIMEx_OCN_Stop
                0x08032122                HAL_TIMEx_OCN_Start_IT
                0x08032342                HAL_TIMEx_OCN_Stop_IT
                0x08032480                HAL_TIMEx_OCN_Start_DMA
                0x080327e6                HAL_TIMEx_OCN_Stop_DMA
                0x0803291e                HAL_TIMEx_PWMN_Start
                0x08032acc                HAL_TIMEx_PWMN_Stop
                0x08032b86                HAL_TIMEx_PWMN_Start_IT
                0x08032da6                HAL_TIMEx_PWMN_Stop_IT
                0x08032ee4                HAL_TIMEx_PWMN_Start_DMA
                0x0803324a                HAL_TIMEx_PWMN_Stop_DMA
                0x08033382                HAL_TIMEx_OnePulseN_Start
                0x0803342c                HAL_TIMEx_OnePulseN_Stop
                0x080334ea                HAL_TIMEx_OnePulseN_Start_IT
                0x080335b4                HAL_TIMEx_OnePulseN_Stop_IT
                0x08033692                HAL_TIMEx_ConfigCommutEvent
                0x0803376c                HAL_TIMEx_ConfigCommutEvent_IT
                0x08033846                HAL_TIMEx_ConfigCommutEvent_DMA
                0x0803394a                HAL_TIMEx_MasterConfigSynchronization
                0x08033a9c                HAL_TIMEx_ConfigBreakDeadTime
                0x08033bb6                HAL_TIMEx_ConfigBreakInput
                0x08033d44                HAL_TIMEx_RemapConfig
                0x08033d8e                HAL_TIMEx_TISelection
                0x08033e68                HAL_TIMEx_GroupChannel5
                0x08033ece                HAL_TIMEx_DisarmBreakInput
                0x08033f60                HAL_TIMEx_ReArmBreakInput
                0x08034022                HAL_TIMEx_CommutCallback
                0x08034036                HAL_TIMEx_CommutHalfCpltCallback
                0x0803404a                HAL_TIMEx_BreakCallback
                0x0803405e                HAL_TIMEx_Break2Callback
                0x08034072                HAL_TIMEx_HallSensor_GetState
                0x0803408e                HAL_TIMEx_GetChannelNState
                0x080340e0                TIMEx_DMACommutationCplt
                0x08034104                TIMEx_DMACommutationHalfCplt
 .text          0x08034268     0x4bb4 ./Drivers/STM32H7xx_HAL_Driver/Src/stm32h7xx_hal_uart.o
                0x08034268                HAL_UART_Init
                0x08034308                HAL_HalfDuplex_Init
                0x080343b8                HAL_LIN_Init
                0x08034498                HAL_MultiProcessor_Init
                0x08034570                HAL_UART_DeInit
                0x08034616                HAL_UART_Transmit
                0x08034732                HAL_UART_Receive
                0x080348c2                HAL_UART_Transmit_IT
                0x080349f4                HAL_UART_Receive_IT
                0x08034a8c                HAL_UART_Transmit_DMA
                0x08034b90                HAL_UART_Receive_DMA
                0x08034c28                HAL_UART_DMAPause
                0x08034d44                HAL_UART_DMAResume
                0x08034e4c                HAL_UART_DMAStop
                0x08034f78                HAL_UART_Abort
                0x08035194                HAL_UART_AbortTransmit
                0x080352b4                HAL_UART_AbortReceive
                0x08035420                HAL_UART_Abort_IT
                0x0803569e                HAL_UART_AbortTransmit_IT
                0x080357e2                HAL_UART_AbortReceive_IT
                0x08035982                HAL_UART_IRQHandler
                0x0803614a                HAL_UART_TxCpltCallback
                0x0803615e                HAL_UART_TxHalfCpltCallback
                0x08036186                HAL_UART_RxHalfCpltCallback
                0x0803619a                HAL_UART_ErrorCallback
                0x080361ae                HAL_UART_AbortCpltCallback
                0x080361c2                HAL_UART_AbortTransmitCpltCallback
                0x080361d6                HAL_UART_AbortReceiveCpltCallback
                0x080361ea                HAL_UARTEx_RxEventCallback
                0x08036202                HAL_UART_ReceiverTimeout_Config
                0x0803623c                HAL_UART_EnableReceiverTimeout
                0x080362b2                HAL_UART_DisableReceiverTimeout
                0x08036328                HAL_MultiProcessor_EnableMuteMode
                0x08036398                HAL_MultiProcessor_DisableMuteMode
                0x08036408                HAL_MultiProcessor_EnterMuteMode
                0x0803642c                HAL_HalfDuplex_EnableTransmitter
                0x080364d4                HAL_HalfDuplex_EnableReceiver
                0x0803657c                HAL_LIN_SendBreak
                0x080365d0                HAL_UART_GetState
                0x080365fa                HAL_UART_GetError
                0x08036614                UART_SetConfig
                0x08037384                UART_AdvFeatureConfig
                0x080374c8                UART_CheckIdleState
                0x0803761c                UART_WaitOnFlagUntilTimeout
                0x080376f6                UART_Start_Receive_IT
                0x08037940                UART_Start_Receive_DMA
 .text          0x08038e1c      0x926 ./Drivers/STM32H7xx_HAL_Driver/Src/stm32h7xx_hal_uart_ex.o
                0x08038e1c                HAL_RS485Ex_Init
                0x08038ef0                HAL_UARTEx_WakeupCallback
                0x08038f04                HAL_UARTEx_RxFifoFullCallback
                0x08038f18                HAL_UARTEx_TxFifoEmptyCallback
                0x08038f2c                HAL_MultiProcessorEx_AddressLength_Set
                0x08038f8c                HAL_UARTEx_StopModeWakeUpSourceConfig
                0x08039042                HAL_UARTEx_EnableStopMode
                0x080390a8                HAL_UARTEx_DisableStopMode
                0x0803910e                HAL_UARTEx_EnableFifoMode
                0x08039184                HAL_UARTEx_DisableFifoMode
                0x080391f6                HAL_UARTEx_SetTxFifoThreshold
                0x08039272                HAL_UARTEx_SetRxFifoThreshold
                0x080392ee                HAL_UARTEx_ReceiveToIdle
                0x080394f2                HAL_UARTEx_ReceiveToIdle_IT
                0x08039592                HAL_UARTEx_ReceiveToIdle_DMA
                0x0803963a                HAL_UARTEx_GetRxEventType
 *fill*         0x08039742        0x2 
 .text          0x08039744       0xa0 D:/Micro procesor/STM32CubeIDE_1.18.0/STM32CubeIDE/plugins/com.st.stm32cube.ide.mcu.externaltools.gnu-tools-for-stm32.13.3.rel1.win32_1.0.0.202411081344/tools/bin/../lib/gcc/arm-none-eabi/13.3.1/thumb/v7e-m+dp/hard\libgcc.a(_aeabi_ldivmod.o)
                0x08039744                __aeabi_ldivmod
 .text          0x080397e4       0x30 D:/Micro procesor/STM32CubeIDE_1.18.0/STM32CubeIDE/plugins/com.st.stm32cube.ide.mcu.externaltools.gnu-tools-for-stm32.13.3.rel1.win32_1.0.0.202411081344/tools/bin/../lib/gcc/arm-none-eabi/13.3.1/thumb/v7e-m+dp/hard\libgcc.a(_aeabi_uldivmod.o)
                0x080397e4                __aeabi_uldivmod
 .text          0x08039814      0x2f8 D:/Micro procesor/STM32CubeIDE_1.18.0/STM32CubeIDE/plugins/com.st.stm32cube.ide.mcu.externaltools.gnu-tools-for-stm32.13.3.rel1.win32_1.0.0.202411081344/tools/bin/../lib/gcc/arm-none-eabi/13.3.1/thumb/v7e-m+dp/hard\libgcc.a(_udivmoddi4.o)
                0x08039814                __udivmoddi4
 .text          0x08039b0c        0x4 D:/Micro procesor/STM32CubeIDE_1.18.0/STM32CubeIDE/plugins/com.st.stm32cube.ide.mcu.externaltools.gnu-tools-for-stm32.13.3.rel1.win32_1.0.0.202411081344/tools/bin/../lib/gcc/arm-none-eabi/13.3.1/thumb/v7e-m+dp/hard\libgcc.a(_dvmd_tls.o)
                0x08039b0c                __aeabi_idiv0
                0x08039b0c                __aeabi_ldiv0
 *(.text*)
 .text.Reset_Handler
                0x08039b10       0x50 ./Core/Startup/startup_stm32h723zgtx.o
                0x08039b10                Reset_Handler
 .text.Default_Handler
                0x08039b60        0x2 ./Core/Startup/startup_stm32h723zgtx.o
                0x08039b60                RTC_Alarm_IRQHandler
                0x08039b60                EXTI2_IRQHandler
                0x08039b60                TIM8_CC_IRQHandler
                0x08039b60                UART8_IRQHandler
                0x08039b60                SPI4_IRQHandler
                0x08039b60                FDCAN3_IT0_IRQHandler
                0x08039b60                TIM1_CC_IRQHandler
                0x08039b60                BDMA_Channel6_IRQHandler
                0x08039b60                DMA2_Stream5_IRQHandler
                0x08039b60                DMA1_Stream5_IRQHandler
                0x08039b60                CORDIC_IRQHandler
                0x08039b60                BDMA_Channel1_IRQHandler
                0x08039b60                TAMP_STAMP_IRQHandler
                0x08039b60                EXTI3_IRQHandler
                0x08039b60                LPTIM4_IRQHandler
                0x08039b60                TIM8_TRG_COM_TIM14_IRQHandler
                0x08039b60                LPTIM2_IRQHandler
                0x08039b60                DFSDM1_FLT1_IRQHandler
                0x08039b60                DMAMUX2_OVR_IRQHandler
                0x08039b60                I2C3_ER_IRQHandler
                0x08039b60                DFSDM1_FLT2_IRQHandler
                0x08039b60                USART10_IRQHandler
                0x08039b60                MDMA_IRQHandler
                0x08039b60                LPTIM3_IRQHandler
                0x08039b60                HSEM1_IRQHandler
                0x08039b60                EXTI0_IRQHandler
                0x08039b60                I2C2_EV_IRQHandler
                0x08039b60                DMA1_Stream2_IRQHandler
                0x08039b60                FPU_IRQHandler
                0x08039b60                OTG_HS_WKUP_IRQHandler
                0x08039b60                FDCAN1_IT1_IRQHandler
                0x08039b60                LTDC_ER_IRQHandler
                0x08039b60                DMA2_Stream2_IRQHandler
                0x08039b60                OCTOSPI1_IRQHandler
                0x08039b60                TIM6_DAC_IRQHandler
                0x08039b60                DMA2_Stream3_IRQHandler
                0x08039b60                OCTOSPI2_IRQHandler
                0x08039b60                DFSDM1_FLT3_IRQHandler
                0x08039b60                TIM23_IRQHandler
                0x08039b60                USART6_IRQHandler
                0x08039b60                USART3_IRQHandler
                0x08039b60                BDMA_Channel7_IRQHandler
                0x08039b60                LPTIM5_IRQHandler
                0x08039b60                UART5_IRQHandler
                0x08039b60                ADC3_IRQHandler
                0x08039b60                TIM4_IRQHandler
                0x08039b60                BDMA_Channel2_IRQHandler
                0x08039b60                I2C1_EV_IRQHandler
                0x08039b60                DMA1_Stream6_IRQHandler
                0x08039b60                DMAMUX1_OVR_IRQHandler
                0x08039b60                DMA1_Stream1_IRQHandler
                0x08039b60                UART4_IRQHandler
                0x08039b60                BDMA_Channel5_IRQHandler
                0x08039b60                TIM3_IRQHandler
                0x08039b60                RCC_IRQHandler
                0x08039b60                UART9_IRQHandler
                0x08039b60                TIM8_BRK_TIM12_IRQHandler
                0x08039b60                TIM1_TRG_COM_IRQHandler
                0x08039b60                Default_Handler
                0x08039b60                ECC_IRQHandler
                0x08039b60                FMAC_IRQHandler
                0x08039b60                CEC_IRQHandler
                0x08039b60                BDMA_Channel0_IRQHandler
                0x08039b60                I2C5_ER_IRQHandler
                0x08039b60                DMA1_Stream7_IRQHandler
                0x08039b60                SPI5_IRQHandler
                0x08039b60                TIM7_IRQHandler
                0x08039b60                FDCAN3_IT1_IRQHandler
                0x08039b60                SDMMC1_IRQHandler
                0x08039b60                TIM5_IRQHandler
                0x08039b60                DMA2_Stream7_IRQHandler
                0x08039b60                TIM15_IRQHandler
                0x08039b60                PVD_AVD_IRQHandler
                0x08039b60                I2C3_EV_IRQHandler
                0x08039b60                EXTI9_5_IRQHandler
                0x08039b60                RTC_WKUP_IRQHandler
                0x08039b60                LTDC_IRQHandler
                0x08039b60                ETH_WKUP_IRQHandler
                0x08039b60                SPDIF_RX_IRQHandler
                0x08039b60                SPI2_IRQHandler
                0x08039b60                OTG_HS_EP1_IN_IRQHandler
                0x08039b60                DMA1_Stream0_IRQHandler
                0x08039b60                CRS_IRQHandler
                0x08039b60                EXTI4_IRQHandler
                0x08039b60                RNG_IRQHandler
                0x08039b60                FDCAN2_IT1_IRQHandler
                0x08039b60                ETH_IRQHandler
                0x08039b60                TIM1_UP_IRQHandler
                0x08039b60                BDMA_Channel4_IRQHandler
                0x08039b60                OTG_HS_EP1_OUT_IRQHandler
                0x08039b60                WWDG_IRQHandler
                0x08039b60                SPI6_IRQHandler
                0x08039b60                MDIOS_IRQHandler
                0x08039b60                I2C4_EV_IRQHandler
                0x08039b60                FDCAN2_IT0_IRQHandler
                0x08039b60                LPUART1_IRQHandler
                0x08039b60                FDCAN1_IT0_IRQHandler
                0x08039b60                OTG_HS_IRQHandler
                0x08039b60                DMA2D_IRQHandler
                0x08039b60                TIM1_BRK_IRQHandler
                0x08039b60                SDMMC2_IRQHandler
                0x08039b60                BDMA_Channel3_IRQHandler
                0x08039b60                DTS_IRQHandler
                0x08039b60                UART7_IRQHandler
                0x08039b60                MDIOS_WKUP_IRQHandler
                0x08039b60                USART2_IRQHandler
                0x08039b60                DFSDM1_FLT0_IRQHandler
                0x08039b60                SAI4_IRQHandler
                0x08039b60                I2C2_ER_IRQHandler
                0x08039b60                DMA2_Stream1_IRQHandler
                0x08039b60                FLASH_IRQHandler
                0x08039b60                DMA2_Stream4_IRQHandler
                0x08039b60                SPI3_IRQHandler
                0x08039b60                WAKEUP_PIN_IRQHandler
                0x08039b60                DMA1_Stream4_IRQHandler
                0x08039b60                I2C1_ER_IRQHandler
                0x08039b60                FMC_IRQHandler
                0x08039b60                FDCAN_CAL_IRQHandler
                0x08039b60                SWPMI1_IRQHandler
                0x08039b60                COMP1_IRQHandler
                0x08039b60                LPTIM1_IRQHandler
                0x08039b60                DCMI_PSSI_IRQHandler
                0x08039b60                I2C4_ER_IRQHandler
                0x08039b60                DMA2_Stream6_IRQHandler
                0x08039b60                SAI1_IRQHandler
                0x08039b60                DMA1_Stream3_IRQHandler
 .text.memset   0x08039b62       0x10 D:/Micro procesor/STM32CubeIDE_1.18.0/STM32CubeIDE/plugins/com.st.stm32cube.ide.mcu.externaltools.gnu-tools-for-stm32.13.3.rel1.win32_1.0.0.202411081344/tools/bin/../lib/gcc/arm-none-eabi/13.3.1/../../../../arm-none-eabi/lib/thumb/v7e-m+dp/hard\libc_nano.a(libc_a-memset.o)
                0x08039b62                memset
 *fill*         0x08039b72        0x2 
 .text.__errno  0x08039b74        0xc D:/Micro procesor/STM32CubeIDE_1.18.0/STM32CubeIDE/plugins/com.st.stm32cube.ide.mcu.externaltools.gnu-tools-for-stm32.13.3.rel1.win32_1.0.0.202411081344/tools/bin/../lib/gcc/arm-none-eabi/13.3.1/../../../../arm-none-eabi/lib/thumb/v7e-m+dp/hard\libc_nano.a(libc_a-errno.o)
                0x08039b74                __errno
 .text.__libc_init_array
                0x08039b80       0x48 D:/Micro procesor/STM32CubeIDE_1.18.0/STM32CubeIDE/plugins/com.st.stm32cube.ide.mcu.externaltools.gnu-tools-for-stm32.13.3.rel1.win32_1.0.0.202411081344/tools/bin/../lib/gcc/arm-none-eabi/13.3.1/../../../../arm-none-eabi/lib/thumb/v7e-m+dp/hard\libc_nano.a(libc_a-init.o)
                0x08039b80                __libc_init_array
 .text.atan2    0x08039bc8        0x4 D:/Micro procesor/STM32CubeIDE_1.18.0/STM32CubeIDE/plugins/com.st.stm32cube.ide.mcu.externaltools.gnu-tools-for-stm32.13.3.rel1.win32_1.0.0.202411081344/tools/bin/../lib/gcc/arm-none-eabi/13.3.1/../../../../arm-none-eabi/lib/thumb/v7e-m+dp/hard\libm.a(libm_a-w_atan2.o)
                0x08039bc8                atan2
 *fill*         0x08039bcc        0x4 
 .text.sqrt     0x08039bd0       0x40 D:/Micro procesor/STM32CubeIDE_1.18.0/STM32CubeIDE/plugins/com.st.stm32cube.ide.mcu.externaltools.gnu-tools-for-stm32.13.3.rel1.win32_1.0.0.202411081344/tools/bin/../lib/gcc/arm-none-eabi/13.3.1/../../../../arm-none-eabi/lib/thumb/v7e-m+dp/hard\libm.a(libm_a-w_sqrt.o)
                0x08039bd0                sqrt
 .text.atan     0x08039c10      0x1f4 D:/Micro procesor/STM32CubeIDE_1.18.0/STM32CubeIDE/plugins/com.st.stm32cube.ide.mcu.externaltools.gnu-tools-for-stm32.13.3.rel1.win32_1.0.0.202411081344/tools/bin/../lib/gcc/arm-none-eabi/13.3.1/../../../../arm-none-eabi/lib/thumb/v7e-m+dp/hard\libm.a(libm_a-s_atan.o)
                0x08039c10                atan
 .text.fabs     0x08039e04       0x10 D:/Micro procesor/STM32CubeIDE_1.18.0/STM32CubeIDE/plugins/com.st.stm32cube.ide.mcu.externaltools.gnu-tools-for-stm32.13.3.rel1.win32_1.0.0.202411081344/tools/bin/../lib/gcc/arm-none-eabi/13.3.1/../../../../arm-none-eabi/lib/thumb/v7e-m+dp/hard\libm.a(libm_a-s_fabs.o)
                0x08039e04                fabs
 .text.asinf    0x08039e14       0x58 D:/Micro procesor/STM32CubeIDE_1.18.0/STM32CubeIDE/plugins/com.st.stm32cube.ide.mcu.externaltools.gnu-tools-for-stm32.13.3.rel1.win32_1.0.0.202411081344/tools/bin/../lib/gcc/arm-none-eabi/13.3.1/../../../../arm-none-eabi/lib/thumb/v7e-m+dp/hard\libm.a(libm_a-wf_asin.o)
                0x08039e14                asinf
 .text.atan2f   0x08039e6c        0x4 D:/Micro procesor/STM32CubeIDE_1.18.0/STM32CubeIDE/plugins/com.st.stm32cube.ide.mcu.externaltools.gnu-tools-for-stm32.13.3.rel1.win32_1.0.0.202411081344/tools/bin/../lib/gcc/arm-none-eabi/13.3.1/../../../../arm-none-eabi/lib/thumb/v7e-m+dp/hard\libm.a(libm_a-wf_atan2.o)
                0x08039e6c                atan2f
 .text.fabsf    0x08039e70        0xe D:/Micro procesor/STM32CubeIDE_1.18.0/STM32CubeIDE/plugins/com.st.stm32cube.ide.mcu.externaltools.gnu-tools-for-stm32.13.3.rel1.win32_1.0.0.202411081344/tools/bin/../lib/gcc/arm-none-eabi/13.3.1/../../../../arm-none-eabi/lib/thumb/v7e-m+dp/hard\libm.a(libm_a-sf_fabs.o)
                0x08039e70                fabsf
 .text.checkint
                0x08039e7e       0x68 D:/Micro procesor/STM32CubeIDE_1.18.0/STM32CubeIDE/plugins/com.st.stm32cube.ide.mcu.externaltools.gnu-tools-for-stm32.13.3.rel1.win32_1.0.0.202411081344/tools/bin/../lib/gcc/arm-none-eabi/13.3.1/../../../../arm-none-eabi/lib/thumb/v7e-m+dp/hard\libm.a(libm_a-pow.o)
 *fill*         0x08039ee6        0x2 
 .text.pow      0x08039ee8      0x4a0 D:/Micro procesor/STM32CubeIDE_1.18.0/STM32CubeIDE/plugins/com.st.stm32cube.ide.mcu.externaltools.gnu-tools-for-stm32.13.3.rel1.win32_1.0.0.202411081344/tools/bin/../lib/gcc/arm-none-eabi/13.3.1/../../../../arm-none-eabi/lib/thumb/v7e-m+dp/hard\libm.a(libm_a-pow.o)
                0x08039ee8                pow
 .text.nanf     0x0803a388        0xc D:/Micro procesor/STM32CubeIDE_1.18.0/STM32CubeIDE/plugins/com.st.stm32cube.ide.mcu.externaltools.gnu-tools-for-stm32.13.3.rel1.win32_1.0.0.202411081344/tools/bin/../lib/gcc/arm-none-eabi/13.3.1/../../../../arm-none-eabi/lib/thumb/v7e-m+dp/hard\libm.a(libm_a-sf_nan.o)
                0x0803a388                nanf
 .text.__ieee754_sqrt
                0x0803a394        0x6 D:/Micro procesor/STM32CubeIDE_1.18.0/STM32CubeIDE/plugins/com.st.stm32cube.ide.mcu.externaltools.gnu-tools-for-stm32.13.3.rel1.win32_1.0.0.202411081344/tools/bin/../lib/gcc/arm-none-eabi/13.3.1/../../../../arm-none-eabi/lib/thumb/v7e-m+dp/hard\libm.a(libm_a-e_sqrt.o)
                0x0803a394                __ieee754_sqrt
 *fill*         0x0803a39a        0x6 
 .text.__ieee754_atan2
                0x0803a3a0      0x184 D:/Micro procesor/STM32CubeIDE_1.18.0/STM32CubeIDE/plugins/com.st.stm32cube.ide.mcu.externaltools.gnu-tools-for-stm32.13.3.rel1.win32_1.0.0.202411081344/tools/bin/../lib/gcc/arm-none-eabi/13.3.1/../../../../arm-none-eabi/lib/thumb/v7e-m+dp/hard\libm.a(libm_a-e_atan2.o)
                0x0803a3a0                __ieee754_atan2
 .text.__ieee754_asinf
                0x0803a524      0x1c8 D:/Micro procesor/STM32CubeIDE_1.18.0/STM32CubeIDE/plugins/com.st.stm32cube.ide.mcu.externaltools.gnu-tools-for-stm32.13.3.rel1.win32_1.0.0.202411081344/tools/bin/../lib/gcc/arm-none-eabi/13.3.1/../../../../arm-none-eabi/lib/thumb/v7e-m+dp/hard\libm.a(libm_a-ef_asin.o)
                0x0803a524                __ieee754_asinf
 .text.__ieee754_atan2f
                0x0803a6ec      0x13c D:/Micro procesor/STM32CubeIDE_1.18.0/STM32CubeIDE/plugins/com.st.stm32cube.ide.mcu.externaltools.gnu-tools-for-stm32.13.3.rel1.win32_1.0.0.202411081344/tools/bin/../lib/gcc/arm-none-eabi/13.3.1/../../../../arm-none-eabi/lib/thumb/v7e-m+dp/hard\libm.a(libm_a-ef_atan2.o)
                0x0803a6ec                __ieee754_atan2f
 .text.atanf    0x0803a828      0x1a8 D:/Micro procesor/STM32CubeIDE_1.18.0/STM32CubeIDE/plugins/com.st.stm32cube.ide.mcu.externaltools.gnu-tools-for-stm32.13.3.rel1.win32_1.0.0.202411081344/tools/bin/../lib/gcc/arm-none-eabi/13.3.1/../../../../arm-none-eabi/lib/thumb/v7e-m+dp/hard\libm.a(libm_a-sf_atan.o)
                0x0803a828                atanf
 .text.with_errno
                0x0803a9d0       0x1c D:/Micro procesor/STM32CubeIDE_1.18.0/STM32CubeIDE/plugins/com.st.stm32cube.ide.mcu.externaltools.gnu-tools-for-stm32.13.3.rel1.win32_1.0.0.202411081344/tools/bin/../lib/gcc/arm-none-eabi/13.3.1/../../../../arm-none-eabi/lib/thumb/v7e-m+dp/hard\libm.a(libm_a-math_err.o)
 .text.xflow    0x0803a9ec       0x22 D:/Micro procesor/STM32CubeIDE_1.18.0/STM32CubeIDE/plugins/com.st.stm32cube.ide.mcu.externaltools.gnu-tools-for-stm32.13.3.rel1.win32_1.0.0.202411081344/tools/bin/../lib/gcc/arm-none-eabi/13.3.1/../../../../arm-none-eabi/lib/thumb/v7e-m+dp/hard\libm.a(libm_a-math_err.o)
 *fill*         0x0803aa0e        0x2 
 .text.__math_uflow
                0x0803aa10       0x10 D:/Micro procesor/STM32CubeIDE_1.18.0/STM32CubeIDE/plugins/com.st.stm32cube.ide.mcu.externaltools.gnu-tools-for-stm32.13.3.rel1.win32_1.0.0.202411081344/tools/bin/../lib/gcc/arm-none-eabi/13.3.1/../../../../arm-none-eabi/lib/thumb/v7e-m+dp/hard\libm.a(libm_a-math_err.o)
                0x0803aa10                __math_uflow
 .text.__math_oflow
                0x0803aa20       0x10 D:/Micro procesor/STM32CubeIDE_1.18.0/STM32CubeIDE/plugins/com.st.stm32cube.ide.mcu.externaltools.gnu-tools-for-stm32.13.3.rel1.win32_1.0.0.202411081344/tools/bin/../lib/gcc/arm-none-eabi/13.3.1/../../../../arm-none-eabi/lib/thumb/v7e-m+dp/hard\libm.a(libm_a-math_err.o)
                0x0803aa20                __math_oflow
 .text.__math_divzero
                0x0803aa30       0x30 D:/Micro procesor/STM32CubeIDE_1.18.0/STM32CubeIDE/plugins/com.st.stm32cube.ide.mcu.externaltools.gnu-tools-for-stm32.13.3.rel1.win32_1.0.0.202411081344/tools/bin/../lib/gcc/arm-none-eabi/13.3.1/../../../../arm-none-eabi/lib/thumb/v7e-m+dp/hard\libm.a(libm_a-math_err.o)
                0x0803aa30                __math_divzero
 .text.__math_invalid
                0x0803aa60       0x1e D:/Micro procesor/STM32CubeIDE_1.18.0/STM32CubeIDE/plugins/com.st.stm32cube.ide.mcu.externaltools.gnu-tools-for-stm32.13.3.rel1.win32_1.0.0.202411081344/tools/bin/../lib/gcc/arm-none-eabi/13.3.1/../../../../arm-none-eabi/lib/thumb/v7e-m+dp/hard\libm.a(libm_a-math_err.o)
                0x0803aa60                __math_invalid
 .text.__math_check_uflow
                0x0803aa7e       0x12 D:/Micro procesor/STM32CubeIDE_1.18.0/STM32CubeIDE/plugins/com.st.stm32cube.ide.mcu.externaltools.gnu-tools-for-stm32.13.3.rel1.win32_1.0.0.202411081344/tools/bin/../lib/gcc/arm-none-eabi/13.3.1/../../../../arm-none-eabi/lib/thumb/v7e-m+dp/hard\libm.a(libm_a-math_err.o)
                0x0803aa7e                __math_check_uflow
 .text.__math_check_oflow
                0x0803aa90       0x28 D:/Micro procesor/STM32CubeIDE_1.18.0/STM32CubeIDE/plugins/com.st.stm32cube.ide.mcu.externaltools.gnu-tools-for-stm32.13.3.rel1.win32_1.0.0.202411081344/tools/bin/../lib/gcc/arm-none-eabi/13.3.1/../../../../arm-none-eabi/lib/thumb/v7e-m+dp/hard\libm.a(libm_a-math_err.o)
                0x0803aa90                __math_check_oflow
 .text.__ieee754_sqrtf
                0x0803aab8        0x6 D:/Micro procesor/STM32CubeIDE_1.18.0/STM32CubeIDE/plugins/com.st.stm32cube.ide.mcu.externaltools.gnu-tools-for-stm32.13.3.rel1.win32_1.0.0.202411081344/tools/bin/../lib/gcc/arm-none-eabi/13.3.1/../../../../arm-none-eabi/lib/thumb/v7e-m+dp/hard\libm.a(libm_a-ef_sqrt.o)
                0x0803aab8                __ieee754_sqrtf
 *(.glue_7)
 .glue_7        0x0803aabe        0x0 linker stubs
 *(.glue_7t)
 .glue_7t       0x0803aabe        0x0 linker stubs
 *(.eh_frame)
 *fill*         0x0803aabe        0x2 
 .eh_frame      0x0803aac0        0x0 D:/Micro procesor/STM32CubeIDE_1.18.0/STM32CubeIDE/plugins/com.st.stm32cube.ide.mcu.externaltools.gnu-tools-for-stm32.13.3.rel1.win32_1.0.0.202411081344/tools/bin/../lib/gcc/arm-none-eabi/13.3.1/thumb/v7e-m+dp/hard/crtbegin.o
 *(.init)
 .init          0x0803aac0        0x4 D:/Micro procesor/STM32CubeIDE_1.18.0/STM32CubeIDE/plugins/com.st.stm32cube.ide.mcu.externaltools.gnu-tools-for-stm32.13.3.rel1.win32_1.0.0.202411081344/tools/bin/../lib/gcc/arm-none-eabi/13.3.1/thumb/v7e-m+dp/hard/crti.o
                0x0803aac0                _init
 .init          0x0803aac4        0x8 D:/Micro procesor/STM32CubeIDE_1.18.0/STM32CubeIDE/plugins/com.st.stm32cube.ide.mcu.externaltools.gnu-tools-for-stm32.13.3.rel1.win32_1.0.0.202411081344/tools/bin/../lib/gcc/arm-none-eabi/13.3.1/thumb/v7e-m+dp/hard/crtn.o
 *(.fini)
 .fini          0x0803aacc        0x4 D:/Micro procesor/STM32CubeIDE_1.18.0/STM32CubeIDE/plugins/com.st.stm32cube.ide.mcu.externaltools.gnu-tools-for-stm32.13.3.rel1.win32_1.0.0.202411081344/tools/bin/../lib/gcc/arm-none-eabi/13.3.1/thumb/v7e-m+dp/hard/crti.o
                0x0803aacc                _fini
 .fini          0x0803aad0        0x8 D:/Micro procesor/STM32CubeIDE_1.18.0/STM32CubeIDE/plugins/com.st.stm32cube.ide.mcu.externaltools.gnu-tools-for-stm32.13.3.rel1.win32_1.0.0.202411081344/tools/bin/../lib/gcc/arm-none-eabi/13.3.1/thumb/v7e-m+dp/hard/crtn.o
                0x0803aad8                        . = ALIGN (0x4)
                0x0803aad8                        _etext = .

.vfp11_veneer   0x0803aad8        0x0
 .vfp11_veneer  0x0803aad8        0x0 linker stubs

.v4_bx          0x0803aad8        0x0
 .v4_bx         0x0803aad8        0x0 linker stubs

.iplt           0x0803aad8        0x0
 .iplt          0x0803aad8        0x0 D:/Micro procesor/STM32CubeIDE_1.18.0/STM32CubeIDE/plugins/com.st.stm32cube.ide.mcu.externaltools.gnu-tools-for-stm32.13.3.rel1.win32_1.0.0.202411081344/tools/bin/../lib/gcc/arm-none-eabi/13.3.1/thumb/v7e-m+dp/hard/crtbegin.o

.rodata         0x0803aad8     0x19e8
                0x0803aad8                        . = ALIGN (0x4)
 *(.rodata)
 .rodata        0x0803aad8       0x10 ./Core/Src/MPU6050.o
 .rodata        0x0803aae8        0x7 ./Core/Src/NRF24.o
 *fill*         0x0803aaef        0x1 
 .rodata        0x0803aaf0        0x8 ./Core/Src/USART komendy.o
 .rodata        0x0803aaf8       0x10 ./Core/Src/dron.o
 .rodata        0x0803ab08        0x8 ./Core/Src/main.o
 *(.rodata*)
 .rodata.looptime
                0x0803ab10        0x4 ./Core/Src/main.o
                0x0803ab10                looptime
 .rodata.D1CorePrescTable
                0x0803ab14       0x10 ./Core/Src/system_stm32h7xx.o
                0x0803ab14                D1CorePrescTable
 .rodata.flagBitshiftOffset.0
                0x0803ab24        0x8 ./Drivers/STM32H7xx_HAL_Driver/Src/stm32h7xx_hal_dma.o
 .rodata.UARTPrescTable
                0x0803ab2c       0x18 ./Drivers/STM32H7xx_HAL_Driver/Src/stm32h7xx_hal_uart.o
                0x0803ab2c                UARTPrescTable
 .rodata.numerator.1
                0x0803ab44        0x8 ./Drivers/STM32H7xx_HAL_Driver/Src/stm32h7xx_hal_uart_ex.o
 .rodata.denominator.0
                0x0803ab4c        0x8 ./Drivers/STM32H7xx_HAL_Driver/Src/stm32h7xx_hal_uart_ex.o
 *fill*         0x0803ab54        0x4 
 .rodata.atanlo
                0x0803ab58       0x20 D:/Micro procesor/STM32CubeIDE_1.18.0/STM32CubeIDE/plugins/com.st.stm32cube.ide.mcu.externaltools.gnu-tools-for-stm32.13.3.rel1.win32_1.0.0.202411081344/tools/bin/../lib/gcc/arm-none-eabi/13.3.1/../../../../arm-none-eabi/lib/thumb/v7e-m+dp/hard\libm.a(libm_a-s_atan.o)
 .rodata.atanhi
                0x0803ab78       0x20 D:/Micro procesor/STM32CubeIDE_1.18.0/STM32CubeIDE/plugins/com.st.stm32cube.ide.mcu.externaltools.gnu-tools-for-stm32.13.3.rel1.win32_1.0.0.202411081344/tools/bin/../lib/gcc/arm-none-eabi/13.3.1/../../../../arm-none-eabi/lib/thumb/v7e-m+dp/hard\libm.a(libm_a-s_atan.o)
 .rodata.asinf.str1.1
                0x0803ab98        0x1 D:/Micro procesor/STM32CubeIDE_1.18.0/STM32CubeIDE/plugins/com.st.stm32cube.ide.mcu.externaltools.gnu-tools-for-stm32.13.3.rel1.win32_1.0.0.202411081344/tools/bin/../lib/gcc/arm-none-eabi/13.3.1/../../../../arm-none-eabi/lib/thumb/v7e-m+dp/hard\libm.a(libm_a-wf_asin.o)
 *fill*         0x0803ab99        0x7 
 .rodata.__pow_log_data
                0x0803aba0     0x1048 D:/Micro procesor/STM32CubeIDE_1.18.0/STM32CubeIDE/plugins/com.st.stm32cube.ide.mcu.externaltools.gnu-tools-for-stm32.13.3.rel1.win32_1.0.0.202411081344/tools/bin/../lib/gcc/arm-none-eabi/13.3.1/../../../../arm-none-eabi/lib/thumb/v7e-m+dp/hard\libm.a(libm_a-pow_log_data.o)
                0x0803aba0                __pow_log_data
 .rodata.CSWTCH.9
                0x0803bbe8       0x18 D:/Micro procesor/STM32CubeIDE_1.18.0/STM32CubeIDE/plugins/com.st.stm32cube.ide.mcu.externaltools.gnu-tools-for-stm32.13.3.rel1.win32_1.0.0.202411081344/tools/bin/../lib/gcc/arm-none-eabi/13.3.1/../../../../arm-none-eabi/lib/thumb/v7e-m+dp/hard\libm.a(libm_a-e_atan2.o)
 .rodata.CSWTCH.8
                0x0803bc00       0x18 D:/Micro procesor/STM32CubeIDE_1.18.0/STM32CubeIDE/plugins/com.st.stm32cube.ide.mcu.externaltools.gnu-tools-for-stm32.13.3.rel1.win32_1.0.0.202411081344/tools/bin/../lib/gcc/arm-none-eabi/13.3.1/../../../../arm-none-eabi/lib/thumb/v7e-m+dp/hard\libm.a(libm_a-e_atan2.o)
 .rodata.CSWTCH.9
                0x0803bc18        0xc D:/Micro procesor/STM32CubeIDE_1.18.0/STM32CubeIDE/plugins/com.st.stm32cube.ide.mcu.externaltools.gnu-tools-for-stm32.13.3.rel1.win32_1.0.0.202411081344/tools/bin/../lib/gcc/arm-none-eabi/13.3.1/../../../../arm-none-eabi/lib/thumb/v7e-m+dp/hard\libm.a(libm_a-ef_atan2.o)
 .rodata.CSWTCH.8
                0x0803bc24        0xc D:/Micro procesor/STM32CubeIDE_1.18.0/STM32CubeIDE/plugins/com.st.stm32cube.ide.mcu.externaltools.gnu-tools-for-stm32.13.3.rel1.win32_1.0.0.202411081344/tools/bin/../lib/gcc/arm-none-eabi/13.3.1/../../../../arm-none-eabi/lib/thumb/v7e-m+dp/hard\libm.a(libm_a-ef_atan2.o)
 .rodata.atanlo
                0x0803bc30       0x10 D:/Micro procesor/STM32CubeIDE_1.18.0/STM32CubeIDE/plugins/com.st.stm32cube.ide.mcu.externaltools.gnu-tools-for-stm32.13.3.rel1.win32_1.0.0.202411081344/tools/bin/../lib/gcc/arm-none-eabi/13.3.1/../../../../arm-none-eabi/lib/thumb/v7e-m+dp/hard\libm.a(libm_a-sf_atan.o)
 .rodata.atanhi
                0x0803bc40       0x10 D:/Micro procesor/STM32CubeIDE_1.18.0/STM32CubeIDE/plugins/com.st.stm32cube.ide.mcu.externaltools.gnu-tools-for-stm32.13.3.rel1.win32_1.0.0.202411081344/tools/bin/../lib/gcc/arm-none-eabi/13.3.1/../../../../arm-none-eabi/lib/thumb/v7e-m+dp/hard\libm.a(libm_a-sf_atan.o)
 .rodata.__exp_data
                0x0803bc50      0x870 D:/Micro procesor/STM32CubeIDE_1.18.0/STM32CubeIDE/plugins/com.st.stm32cube.ide.mcu.externaltools.gnu-tools-for-stm32.13.3.rel1.win32_1.0.0.202411081344/tools/bin/../lib/gcc/arm-none-eabi/13.3.1/../../../../arm-none-eabi/lib/thumb/v7e-m+dp/hard\libm.a(libm_a-exp_data.o)
                0x0803bc50                __exp_data
                0x0803c4c0                        . = ALIGN (0x4)

.ARM.extab
 *(.ARM.extab* .gnu.linkonce.armextab.*)

.ARM            0x0803c4c0        0x8
                0x0803c4c0                        __exidx_start = .
 *(.ARM.exidx*)
 .ARM.exidx     0x0803c4c0        0x8 D:/Micro procesor/STM32CubeIDE_1.18.0/STM32CubeIDE/plugins/com.st.stm32cube.ide.mcu.externaltools.gnu-tools-for-stm32.13.3.rel1.win32_1.0.0.202411081344/tools/bin/../lib/gcc/arm-none-eabi/13.3.1/thumb/v7e-m+dp/hard\libgcc.a(_udivmoddi4.o)
                0x0803c4c8                        __exidx_end = .

.preinit_array  0x0803c4c8        0x0
                0x0803c4c8                        PROVIDE (__preinit_array_start = .)
 *(.preinit_array*)
                0x0803c4c8                        PROVIDE (__preinit_array_end = .)

.init_array     0x0803c4c8        0x4
                0x0803c4c8                        PROVIDE (__init_array_start = .)
 *(SORT_BY_NAME(.init_array.*))
 *(.init_array*)
 .init_array    0x0803c4c8        0x4 D:/Micro procesor/STM32CubeIDE_1.18.0/STM32CubeIDE/plugins/com.st.stm32cube.ide.mcu.externaltools.gnu-tools-for-stm32.13.3.rel1.win32_1.0.0.202411081344/tools/bin/../lib/gcc/arm-none-eabi/13.3.1/thumb/v7e-m+dp/hard/crtbegin.o
                0x0803c4cc                        PROVIDE (__init_array_end = .)

.fini_array     0x0803c4cc        0x4
                [!provide]                        PROVIDE (__fini_array_start = .)
 *(SORT_BY_NAME(.fini_array.*))
 *(.fini_array*)
 .fini_array    0x0803c4cc        0x4 D:/Micro procesor/STM32CubeIDE_1.18.0/STM32CubeIDE/plugins/com.st.stm32cube.ide.mcu.externaltools.gnu-tools-for-stm32.13.3.rel1.win32_1.0.0.202411081344/tools/bin/../lib/gcc/arm-none-eabi/13.3.1/thumb/v7e-m+dp/hard/crtbegin.o
                [!provide]                        PROVIDE (__fini_array_end = .)
                0x0803c4d0                        _sidata = LOADADDR (.data)

.rel.dyn        0x0803c4d0        0x0
 .rel.iplt      0x0803c4d0        0x0 D:/Micro procesor/STM32CubeIDE_1.18.0/STM32CubeIDE/plugins/com.st.stm32cube.ide.mcu.externaltools.gnu-tools-for-stm32.13.3.rel1.win32_1.0.0.202411081344/tools/bin/../lib/gcc/arm-none-eabi/13.3.1/thumb/v7e-m+dp/hard/crtbegin.o

.data           0x24000000       0x60 load address 0x0803c4d0
                0x24000000                        . = ALIGN (0x4)
                0x24000000                        _sdata = .
 *(.data)
 *(.data*)
 .data.SystemCoreClock
                0x24000000        0x4 ./Core/Src/system_stm32h7xx.o
                0x24000000                SystemCoreClock
 .data.SystemD2Clock
                0x24000004        0x4 ./Core/Src/system_stm32h7xx.o
                0x24000004                SystemD2Clock
 .data.uwTickPrio
                0x24000008        0x4 ./Drivers/STM32H7xx_HAL_Driver/Src/stm32h7xx_hal.o
                0x24000008                uwTickPrio
 .data.uwTickFreq
                0x2400000c        0x1 ./Drivers/STM32H7xx_HAL_Driver/Src/stm32h7xx_hal.o
                0x2400000c                uwTickFreq
 *fill*         0x2400000d        0x3 
 .data._impure_ptr
                0x24000010        0x4 D:/Micro procesor/STM32CubeIDE_1.18.0/STM32CubeIDE/plugins/com.st.stm32cube.ide.mcu.externaltools.gnu-tools-for-stm32.13.3.rel1.win32_1.0.0.202411081344/tools/bin/../lib/gcc/arm-none-eabi/13.3.1/../../../../arm-none-eabi/lib/thumb/v7e-m+dp/hard\libc_nano.a(libc_a-impure.o)
                0x24000010                _impure_ptr
 .data._impure_data
                0x24000014       0x4c D:/Micro procesor/STM32CubeIDE_1.18.0/STM32CubeIDE/plugins/com.st.stm32cube.ide.mcu.externaltools.gnu-tools-for-stm32.13.3.rel1.win32_1.0.0.202411081344/tools/bin/../lib/gcc/arm-none-eabi/13.3.1/../../../../arm-none-eabi/lib/thumb/v7e-m+dp/hard\libc_nano.a(libc_a-impure.o)
                0x24000014                _impure_data
 *(.RamFunc)
 *(.RamFunc*)
                0x24000060                        . = ALIGN (0x4)
                0x24000060                        _edata = .

.igot.plt       0x24000060        0x0 load address 0x0803c530
 .igot.plt      0x24000060        0x0 D:/Micro procesor/STM32CubeIDE_1.18.0/STM32CubeIDE/plugins/com.st.stm32cube.ide.mcu.externaltools.gnu-tools-for-stm32.13.3.rel1.win32_1.0.0.202411081344/tools/bin/../lib/gcc/arm-none-eabi/13.3.1/thumb/v7e-m+dp/hard/crtbegin.o
                0x24000060                        . = ALIGN (0x4)

.bss            0x24000060      0x680 load address 0x0803c530
                0x24000060                        _sbss = .
                0x24000060                        __bss_start__ = _sbss
 *(.bss)
 .bss           0x24000060       0x1c D:/Micro procesor/STM32CubeIDE_1.18.0/STM32CubeIDE/plugins/com.st.stm32cube.ide.mcu.externaltools.gnu-tools-for-stm32.13.3.rel1.win32_1.0.0.202411081344/tools/bin/../lib/gcc/arm-none-eabi/13.3.1/thumb/v7e-m+dp/hard/crtbegin.o
 *(.bss*)
 .bss.hi2c_BMP180
                0x2400007c        0x4 ./Core/Src/BMP180.o
 .bss.htim_bmp180
                0x24000080        0x4 ./Core/Src/BMP180.o
 .bss.htim_ESC  0x24000084        0x4 ./Core/Src/ESC.o
 .bss.htim_1_HC_SR04
                0x24000088        0x4 ./Core/Src/HC-SR04.o
 .bss.htim_2_HC_SR04
                0x2400008c        0x4 ./Core/Src/HC-SR04.o
 .bss.hi2c_HMC5883L
                0x24000090        0x4 ./Core/Src/HMC5883L.o
 .bss.hi2c_mpu6050
                0x24000094        0x4 ./Core/Src/MPU6050.o
 .bss.hspi_nrf  0x24000098        0x4 ./Core/Src/NRF24.o
 .bss.addr_p0_backup
                0x2400009c        0x3 ./Core/Src/NRF24.o
 *fill*         0x2400009f        0x1 
 .bss.hadc2     0x240000a0       0x70 ./Core/Src/adc.o
                0x240000a0                hadc2
 .bss.hdma_adc2
                0x24000110       0x78 ./Core/Src/adc.o
                0x24000110                hdma_adc2
 .bss.hi2c5     0x24000188       0x54 ./Core/Src/i2c.o
                0x24000188                hi2c5
 .bss.hspi1     0x240001dc       0x88 ./Core/Src/spi.o
                0x240001dc                hspi1
 .bss.htim1     0x24000264       0x4c ./Core/Src/tim.o
                0x24000264                htim1
 .bss.htim2     0x240002b0       0x4c ./Core/Src/tim.o
                0x240002b0                htim2
 .bss.htim3     0x240002fc       0x4c ./Core/Src/tim.o
                0x240002fc                htim3
 .bss.htim5     0x24000348       0x4c ./Core/Src/tim.o
                0x24000348                htim5
 .bss.htim8     0x24000394       0x4c ./Core/Src/tim.o
                0x24000394                htim8
 .bss.htim13    0x240003e0       0x4c ./Core/Src/tim.o
                0x240003e0                htim13
 .bss.htim16    0x2400042c       0x4c ./Core/Src/tim.o
                0x2400042c                htim16
 .bss.htim17    0x24000478       0x4c ./Core/Src/tim.o
                0x24000478                htim17
 .bss.htim24    0x240004c4       0x4c ./Core/Src/tim.o
                0x240004c4                htim24
 .bss.huart1    0x24000510       0x94 ./Core/Src/usart.o
                0x24000510                huart1
 .bss.uwTick    0x240005a4        0x4 ./Drivers/STM32H7xx_HAL_Driver/Src/stm32h7xx_hal.o
                0x240005a4                uwTick
 .bss.__sf      0x240005a8      0x138 D:/Micro procesor/STM32CubeIDE_1.18.0/STM32CubeIDE/plugins/com.st.stm32cube.ide.mcu.externaltools.gnu-tools-for-stm32.13.3.rel1.win32_1.0.0.202411081344/tools/bin/../lib/gcc/arm-none-eabi/13.3.1/../../../../arm-none-eabi/lib/thumb/v7e-m+dp/hard\libc_nano.a(libc_a-findfp.o)
                0x240005a8                __sf
 *(COMMON)
                0x240006e0                        . = ALIGN (0x4)
                0x240006e0                        _ebss = .
                0x240006e0                        __bss_end__ = _ebss

._user_heap_stack
                0x240006e0      0x600 load address 0x0803c530
                0x240006e0                        . = ALIGN (0x8)
                [!provide]                        PROVIDE (end = .)
                0x240006e0                        PROVIDE (_end = .)
                0x240008e0                        . = (. + _Min_Heap_Size)
 *fill*         0x240006e0      0x200 
                0x24000ce0                        . = (. + _Min_Stack_Size)
 *fill*         0x240008e0      0x400 
                0x24000ce0                        . = ALIGN (0x8)

.IRAM           0x00000000      0x4e8
                0x00000000                        . = ALIGN (0x8)
 .IRAM          0x00000000      0x4e8 ./Core/Src/main.o
                0x00000000                MPU6050