../Core/Src/BMP180.c:17:9:BMP180_read_ID	32	static
../Core/Src/BMP180.c:23:9:BMP180_init	24	static
../Core/Src/BMP180.c:57:10:BMP180_READ_temp	32	static
../Core/Src/BMP180.c:64:10:BMP180_READ_pres	32	static
../Core/Src/BMP180.c:70:6:BMP180_READ_temp_IT	16	static
../Core/Src/BMP180.c:75:6:BMP180_READ_pres_IT	16	static
../Core/Src/BMP180.c:80:10:BMP180_GET_temp_IT	4	static
../Core/Src/BMP180.c:85:10:BMP180_GET_pres_IT	4	static
../Core/Src/BMP180.c:100:6:BMP180_start_measurment_temp	32	static
../Core/Src/BMP180.c:105:6:BMP180_start_measurment_pres	32	static
../Core/Src/BMP180.c:110:6:BMP180_start_measurment_pres_IT	24	static
../Core/Src/BMP180.c:116:6:BMP180_start_measurment_temp_IT	24	static
../Core/Src/BMP180.c:122:6:BMP180_read_calliberation_data	48	static
../Core/Src/BMP180.c:140:7:BMP180_GET_temp	24	static
../Core/Src/BMP180.c:149:7:BMP180_GET_pres	24	static
../Core/Src/BMP180.c:176:6:BMP180_CALIBRATION	32	static
../Core/Src/BMP180.c:191:7:BMP180_GET_height	16	static
../Core/Src/BMP180.c:200:6:BMP180_100_ms_Process	8	static
../Core/Src/BMP180.c:205:6:BMP180_05_ms_Process	8	static
../Core/Src/BMP180.c:219:6:BMP180_I2C_Tx_IT_Process	8	static
../Core/Src/BMP180.c:230:6:BMP180_I2C_Rx_IT_Process	8	static
