../Core/Src/MPU6050.c:20:9:MPU6050_INIT	24	static
../Core/Src/MPU6050.c:77:6:MPU6050_RESET	32	static
../Core/Src/MPU6050.c:82:6:MPU6050_CONFIG_DLPF	40	static
../Core/Src/MPU6050.c:87:6:MPU6050_CONFIG_GYRO	40	static
../Core/Src/MPU6050.c:92:6:MPU6050_CONFIG_ACCEL	40	static
../Core/Src/MPU6050.c:97:6:MPU6050_CONFIG_FIFO	32	static
../Core/Src/MPU6050.c:102:6:MPU6050_CONFIG_INT	32	static
../Core/Src/MPU6050.c:107:6:MPU6050_CONFIG_SAMPLE_RATE	32	static
../Core/Src/MPU6050.c:112:6:MPU6050_CONFIG_INTERRUPT_ENABLE	32	static
../Core/Src/MPU6050.c:117:6:MPU6050_CONFIG_USER_CONTROL	32	static
../Core/Src/MPU6050.c:133:6:MPU6050_CALIBRATION	64	static
../Core/Src/MPU6050.c:157:6:MPU6050_GET_ACCEL_TO_ANGLE	16	static
../Core/Src/MPU6050.c:165:6:MPU6050_GET_GYRO_TO_ANGLE	32	static
../Core/Src/MPU6050.c:171:6:MPU6050_GET_ACCANDGYR_CALANDSCL	88	static
../Core/Src/MPU6050.c:188:6:MPU6050_GET_ACCANDGYR_CALANDSCL_IT	16	static
../Core/Src/MPU6050.c:193:6:MPU6050_GET_CALANDSCL_IT	4	static
../Core/Src/MPU6050.c:203:6:MPU6050_GET_ACCANDGYR_FILTRED	16	static
../Core/Src/MPU6050.c:209:9:MPU6050_GET_ACCEL_XH	32	static
../Core/Src/MPU6050.c:214:9:MPU6050_GET_ACCEL_XL	32	static
../Core/Src/MPU6050.c:219:9:MPU6050_GET_ACCEL_YH	32	static
../Core/Src/MPU6050.c:224:9:MPU6050_GET_ACCEL_YL	32	static
../Core/Src/MPU6050.c:229:9:MPU6050_GET_ACCEL_ZH	32	static
../Core/Src/MPU6050.c:234:9:MPU6050_GET_ACCEL_ZL	32	static
../Core/Src/MPU6050.c:240:9:MPU6050_GET_GYRO_XH	32	static
../Core/Src/MPU6050.c:245:9:MPU6050_GET_GYRO_XL	32	static
../Core/Src/MPU6050.c:250:9:MPU6050_GET_GYRO_YH	32	static
../Core/Src/MPU6050.c:255:9:MPU6050_GET_GYRO_YL	32	static
../Core/Src/MPU6050.c:260:9:MPU6050_GET_GYRO_ZH	32	static
../Core/Src/MPU6050.c:265:9:MPU6050_GET_GYRO_ZL	32	static
../Core/Src/MPU6050.c:270:9:MPU6050_GET_ACCEL_FULLVALUE_X	32	static
../Core/Src/MPU6050.c:280:9:MPU6050_GET_ACCEL_FULLVALUE_Y	24	static
../Core/Src/MPU6050.c:285:9:MPU6050_GET_ACCEL_FULLVALUE_Z	24	static
../Core/Src/MPU6050.c:291:9:MPU6050_GET_GYRO_FULLVALUE_X	24	static
../Core/Src/MPU6050.c:296:9:MPU6050_GET_GYRO_FULLVALUE_Y	24	static
../Core/Src/MPU6050.c:301:9:MPU6050_GET_GYRO_FULLVALUE_Z	24	static
../Core/Src/MPU6050.c:307:8:MPU6050_READ_ID	32	static
../Core/Src/MPU6050.c:315:9:MPU6050_READ_CONFIG_DLPF	32	static
../Core/Src/MPU6050.c:321:9:MPU6050_READ_CONFIG_GYRO	32	static
../Core/Src/MPU6050.c:327:9:MPU6050_READ_CONFIG_ACCEL	32	static
../Core/Src/MPU6050.c:333:9:MPU6050_READ_CONFIG_FIFO	32	static
../Core/Src/MPU6050.c:339:9:MPU6050_READ_CONFIG_INT	32	static
../Core/Src/MPU6050.c:345:9:MPU6050_READ_CONFIG_SAMPLE_RATE	32	static
../Core/Src/MPU6050.c:351:9:MPU6050_READ_CONFIG_INTERRUPT_ENABLE	32	static
../Core/Src/MPU6050.c:357:9:MPU6050_READ_CONFIG_USER_CONTROL	32	static
../Core/Src/MPU6050.c:364:6:MPU6050_Enable_I2C_Bypass	32	static
../Core/Src/MPU6050.c:369:6:MPU6050_VerAcc_Cal	16	static
../Core/Src/MPU6050.c:377:6:MPU6050_VerVel_Cal	16	static
../Core/Src/MPU6050.c:381:6:MPU6050_Horizontal_Velocities_Calculation	16	static
../Core/Src/MPU6050.c:387:6:Complementary_getFilter	40	static
