../Drivers/CMSIS/Include/core_cm7.h:2156:34:__NVIC_SystemReset	4	static,ignoring_inline_asm
../Core/Src/NRF24.c:31:13:nRF24_Delay	16	static
../Core/Src/NRF24.c:36:13:nRF24_SendSpi	16	static
../Core/Src/NRF24.c:40:13:nRF24_SendSpi_IT	16	static
../Core/Src/NRF24.c:46:13:nRF24_ReadSpi	16	static
../Core/Src/NRF24.c:50:13:nRF24_ReadSpi_IT	16	static
../Core/Src/NRF24.c:59:16:nRF24_ReadRegister	24	static
../Core/Src/NRF24.c:73:13:nRF24_ReadRegisters	16	static
../Core/Src/NRF24.c:85:13:nRF24_ReadRegisters_IT	16	static
../Core/Src/NRF24.c:98:13:nRF24_WriteRegister	24	static
../Core/Src/NRF24.c:112:13:nRF24_WriteRegisters	16	static
../Core/Src/NRF24.c:124:13:nRF24_WriteRegisters_IT	16	static
../Core/Src/NRF24.c:139:6:nRF24_RX_Mode	16	static
../Core/Src/NRF24.c:162:6:nRF24_TX_Mode	16	static
../Core/Src/NRF24.c:186:9:nRF24_ReadConfig	8	static
../Core/Src/NRF24.c:191:6:nRF24_WriteConfig	16	static
../Core/Src/NRF24.c:196:6:nRF24_SetPALevel	24	static
../Core/Src/NRF24.c:204:6:nRF24_SetDataRate	24	static
../Core/Src/NRF24.c:215:9:nRF24_ReadStatus	8	static
../Core/Src/NRF24.c:220:6:nRF24_WriteStatus	16	static
../Core/Src/NRF24.c:225:6:nRF24_FlushRX	16	static
../Core/Src/NRF24.c:234:6:nRF24_FlushTX	16	static
../Core/Src/NRF24.c:243:6:nRF24_EnableCRC	24	static
../Core/Src/NRF24.c:254:6:nRF24_SetCRCLength	24	static
../Core/Src/NRF24.c:264:6:nRF24_SetRetries	16	static
../Core/Src/NRF24.c:270:6:nRF24_SetRFChannel	16	static
../Core/Src/NRF24.c:275:6:nRF24_SetPayloadSize	16	static
../Core/Src/NRF24.c:282:6:nRF24_EnablePipe	24	static
../Core/Src/NRF24.c:294:6:nRF24_AutoACK	24	static
../Core/Src/NRF24.c:306:6:nRF24_SetAddressWidth	16	static
../Core/Src/NRF24.c:315:6:nRF24_SetRXAddress	24	static
../Core/Src/NRF24.c:332:6:nRF24_SetTXAddress	24	static
../Core/Src/NRF24.c:351:6:nRF24_ClearInterrupts	16	static
../Core/Src/NRF24.c:358:6:nRF24_EnableRXDataReadyIRQ	24	static
../Core/Src/NRF24.c:370:6:nRF24_EnableTXDataSentIRQ	24	static
../Core/Src/NRF24.c:382:6:nRF24_EnableMaxRetransmitIRQ	24	static
../Core/Src/NRF24.c:394:6:nRF24_WriteTXPayload	16	static
../Core/Src/NRF24.c:400:6:nRF24_WriteTXPayload_IT	16	static
../Core/Src/NRF24.c:407:6:nRF24_WaitTX	16	static
../Core/Src/NRF24.c:421:6:nRF24_ReadRXPaylaod	16	static
../Core/Src/NRF24.c:437:6:nRF24_ReadRXPaylaod_IT	16	static
../Core/Src/NRF24.c:442:6:nRF24_ReadRXPaylaod_IT_End	8	static
../Core/Src/NRF24.c:452:9:nRF24_GetDynamicPayloadSize	16	static
../Core/Src/NRF24.c:469:9:nRF24_RXAvailible	16	static
../Core/Src/NRF24.c:484:9:nRF24_IsRxEmpty	16	static
../Core/Src/NRF24.c:498:9:nRF24_IsBitSetInFifoStatus	24	static
../Core/Src/NRF24.c:512:9:nRF24_ReadFifoStatus	8	static
../Core/Src/NRF24.c:519:6:nRF24_Init	16	static
../Core/Src/NRF24.c:569:6:nRF24_Start_Up	32	static
../Core/Src/NRF24.c:632:6:nRF24_1ms_Process	16	static
../Core/Src/NRF24.c:679:6:nRF24_GPIO_EXTI_Process	8	static
../Core/Src/NRF24.c:690:6:nRF24_SPI_Tx_IT_Process	8	static
../Core/Src/NRF24.c:705:6:nRF24_SPI_Rx_IT_Process	16	static
../Core/Src/NRF24.c:767:6:nRF24_While_Process	8	static
../Core/Src/NRF24.c:790:6:nRF24_Inittest	4	static
