../Core/Src/tim.c:38:6:MX_TIM1_Init	104	static
../Core/Src/tim.c:111:6:MX_TIM2_Init	40	static
../Core/Src/tim.c:154:6:MX_TIM3_Init	48	static
../Core/Src/tim.c:210:6:MX_TIM5_Init	40	static
../Core/Src/tim.c:253:6:MX_TIM8_Init	40	static
../Core/Src/tim.c:295:6:MX_TIM13_Init	8	static
../Core/Src/tim.c:321:6:MX_TIM16_Init	8	static
../Core/Src/tim.c:348:6:MX_TIM17_Init	8	static
../Core/Src/tim.c:375:6:MX_TIM24_Init	48	static
../Core/Src/tim.c:418:6:HAL_TIM_PWM_MspInit	24	static
../Core/Src/tim.c:445:6:HAL_TIM_IC_MspInit	56	static
../Core/Src/tim.c:500:6:HAL_TIM_Base_MspInit	32	static
../Core/Src/tim.c:565:6:HAL_TIM_OC_MspInit	24	static
../Core/Src/tim.c:584:6:HAL_TIM_MspPostInit	48	static
../Core/Src/tim.c:637:6:HAL_TIM_PWM_MspDeInit	16	static
../Core/Src/tim.c:664:6:HAL_TIM_IC_MspDeInit	16	static
../Core/Src/tim.c:705:6:HAL_TIM_Base_MspDeInit	16	static
../Core/Src/tim.c:780:6:HAL_TIM_OC_MspDeInit	16	static
